PASS CONTROL-SEAM
PASS CONTROL-DATA
PASS CONTROL-CATEGORIES
PASS CONTROL-ADVANCED
PASS CONTROL-ANCESTORS
PASS CONTROL-PRICES
PASS CONTROL-MENUITEM
PASS CONTROL-MOUNTED
PASS CONTROL-OPENS
PASS CONTROL-PLACEHOLDER
PASS CONTROL-HOME-NON-EMPTY-CATEGORIES
PASS CONTROL-NO-ERRORS
PASS PAGE-OFF-SEAM
PASS PAGE-OFF-DATA
PASS PAGE-OFF-CATEGORIES
PASS PAGE-OFF-ADVANCED
PASS PAGE-OFF-ANCESTORS
PASS PAGE-OFF-PRICES
PASS PAGE-OFF-MENUITEM
PASS PAGE-OFF-MOUNTED
PASS PAGE-OFF-OPENS
PASS PAGE-OFF-PLACEHOLDER
PASS PAGE-OFF-HOME-NON-EMPTY-CATEGORIES
PASS PAGE-OFF-NO-ERRORS
PASS SEARCH-OFF-SEAM
PASS SEARCH-OFF-DATA
PASS SEARCH-OFF-CATEGORIES
PASS SEARCH-OFF-ADVANCED
PASS SEARCH-OFF-ANCESTORS
PASS SEARCH-OFF-PRICES
PASS SEARCH-OFF-MENUITEM
PASS SEARCH-OFF-MOUNTED
PASS SEARCH-OFF-OPENS
PASS SEARCH-OFF-PLACEHOLDER
PASS SEARCH-OFF-HOME-NON-EMPTY-CATEGORIES
PASS SEARCH-OFF-NO-ERRORS
PASS ADVANCED-SCHOOLS-OFF-SEAM
PASS ADVANCED-SCHOOLS-OFF-DATA
PASS ADVANCED-SCHOOLS-OFF-CATEGORIES
PASS ADVANCED-SCHOOLS-OFF-ADVANCED
PASS ADVANCED-SCHOOLS-OFF-ANCESTORS
PASS ADVANCED-SCHOOLS-OFF-PRICES
PASS ADVANCED-SCHOOLS-OFF-MENUITEM
PASS ADVANCED-SCHOOLS-OFF-MOUNTED
PASS ADVANCED-SCHOOLS-OFF-OPENS
PASS ADVANCED-SCHOOLS-OFF-PLACEHOLDER
PASS ADVANCED-SCHOOLS-OFF-HOME-NON-EMPTY-CATEGORIES
PASS ADVANCED-SCHOOLS-OFF-NO-ERRORS
PASS ANCESTORS-OFF-SEAM
PASS ANCESTORS-OFF-DATA
PASS ANCESTORS-OFF-CATEGORIES
PASS ANCESTORS-OFF-ADVANCED
PASS ANCESTORS-OFF-ANCESTORS
PASS ANCESTORS-OFF-PRICES
PASS ANCESTORS-OFF-MENUITEM
PASS ANCESTORS-OFF-MOUNTED
PASS ANCESTORS-OFF-OPENS
PASS ANCESTORS-OFF-PLACEHOLDER
PASS ANCESTORS-OFF-HOME-NON-EMPTY-CATEGORIES
PASS ANCESTORS-OFF-NO-ERRORS
PASS CLAN-PRICES-OFF-SEAM
PASS CLAN-PRICES-OFF-DATA
PASS CLAN-PRICES-OFF-CATEGORIES
PASS CLAN-PRICES-OFF-ADVANCED
PASS CLAN-PRICES-OFF-ANCESTORS
PASS CLAN-PRICES-OFF-PRICES
PASS CLAN-PRICES-OFF-MENUITEM
PASS CLAN-PRICES-OFF-MOUNTED
PASS CLAN-PRICES-OFF-OPENS
PASS CLAN-PRICES-OFF-PLACEHOLDER
PASS CLAN-PRICES-OFF-HOME-NON-EMPTY-CATEGORIES
PASS CLAN-PRICES-OFF-NO-ERRORS
PASS MENU-OFF-SEAM
PASS MENU-OFF-DATA
PASS MENU-OFF-CATEGORIES
PASS MENU-OFF-ADVANCED
PASS MENU-OFF-ANCESTORS
PASS MENU-OFF-PRICES
PASS MENU-OFF-MENUITEM
PASS MENU-OFF-MOUNTED
PASS MENU-OFF-OPENS
PASS MENU-OFF-PLACEHOLDER
PASS MENU-OFF-HOME-NON-EMPTY-CATEGORIES
PASS MENU-OFF-NO-ERRORS
PASS CHARACTERS-OFF-SEAM
PASS CHARACTERS-OFF-DATA
PASS CHARACTERS-OFF-CATEGORIES
PASS CHARACTERS-OFF-ADVANCED
PASS CHARACTERS-OFF-ANCESTORS
PASS CHARACTERS-OFF-PRICES
PASS CHARACTERS-OFF-MENUITEM
PASS CHARACTERS-OFF-MOUNTED
PASS CHARACTERS-OFF-OPENS
PASS CHARACTERS-OFF-NO-ERRORS
94/94 checks passed
