Live page matches expected PWA build byte for byte.
Service worker matches build 5c409bd591fbc667.
PASS S14-SEAM
PASS S14-CATEGORY-ORDER
PASS S14-CATEGORY-GROUPS
PASS S14-COUNT-SKILLS
PASS S14-COUNT-ADVANTAGES
PASS S14-COUNT-DISADVANTAGES
PASS S14-COUNT-SCHOOLS
PASS S14-COUNT-ADVANCED
PASS S14-COUNT-PATHS
PASS S14-COUNT-TECHNIQUES
PASS S14-COUNT-KATA
PASS S14-COUNT-KIHO
PASS S14-COUNT-SPELLS
PASS S14-COUNT-WEAPONS
PASS S14-COUNT-CLANS
PASS S14-COUNT-ANCESTORS
PASS S14-EVERY-NAME-FOUND-FIRST
PASS S14-RANK-NAME-FIRST
PASS S14-RANK-TYPE-BEFORE-TEXT
PASS S14-RANK-EXACT
PASS S14-APOSTROPHE-IGNORED
PASS S14-APOSTROPHE-TYPED
PASS S14-ACCENT-IGNORED
PASS S14-CASE-IGNORED
PASS S14-ALL-TERMS
PASS S14-CATEGORY-A-Z
PASS S14-OFFSET-LIMIT
PASS S14-DEFAULT-LIMIT
PASS S14-NO-MATCH
PASS S14-SUMMARY-SHAPE
PASS S14-RECORDS-MATCH-CATALOGUES
PASS S14-PAGES-ONLY-WHERE-HELD
PASS S14-NO-JUNK-VALUES
PASS S14-RECORDS-PLAIN-DATA
PASS S14-GET-RETURNS-COPY
PASS S14-AUDIT-PAGES-COUNT
PASS S14-MENU-ITEMS-MANAGE
PASS S14-OPENS-SEARCH-TAB
PASS S14-HOME-CATEGORIES
PASS S14-INPUT-16PX
PASS S14-TYPING-FILTERS
PASS S14-CLEARED-HOME
PASS S14-CATEGORY-PAGE
PASS S14-SHOW-MORE
PASS S14-CATEGORY-SCOPED
PASS S14-DETAIL
PASS S14-BACK-RESTORES
PASS S14-ESCAPE-DETAIL-TO-LIST
PASS S14-ESCAPE-CLOSES
PASS S14-MENU-ITEMS-PLAY
PASS S14-STATE-KEPT
PASS S14-UP-TO-HOME
PASS S14-OPEN-API
PASS S14-NO-SIDEWAYS-SCROLL-320
PASS S14-NO-SIDEWAYS-SCROLL-375
PASS S14-NO-SIDEWAYS-SCROLL-390
PASS S14-KEYSTROKE-UNDER-50MS
PASS S14-SHEET-UNCHANGED
PASS S14-STYLED
PASS S14-REGISTER-SOURCE
PASS S14-NO-PAGE-ERRORS

61/61 checks passed

PASS VI-SEAM
PASS VI-CORE-VOID-ORACLE
PASS VI-DAREDEVIL-ATHLETICS
PASS VI-DAREDEVIL-ATHLETICS-EMPHASIS
PASS VI-DAREDEVIL-OTHER-SKILL
PASS VI-DAREDEVIL-TRAIT
PASS VI-DAREDEVIL-NOT-ARMED
PASS VI-TOUCH-SKILL
PASS VI-TOUCH-TRAIT
PASS VI-TOUCH-NOT-DAMAGE
PASS VI-TOUCH-NOT-ARMED
PASS VI-BOTH-NO-STACK
PASS VI-WRONG-LIST-NOTHING
PASS VI-DAREDEVIL-POOL
PASS VI-VOID-OPEN-WITHOUT
PASS VI-MOMOKU-CLOSES-VOID
PASS VI-MOMOKU-PIPS-STAY
PASS VI-MOMOKU-NOTE
PASS VI-QUICK-OUT-OF-COMBAT
PASS VI-QUICK-USE
PASS VI-QUICK-NEXT-ROUND-OPEN
PASS VI-QUICK-ADDS-UP
PASS VI-QUICK-ON-INITIATIVE
PASS VI-QUICK-NOT-ON-SKILLS
PASS VI-QUICK-ROUND-NOTE
PASS VI-QUICK-RESET
PASS VI-QUICK-NEEDS-ROW
PASS VI-LEAD-OUT-OF-COMBAT
PASS VI-LEAD-ROLL
PASS VI-LEAD-ONCE-A-ROUND
PASS VI-LEAD-NOTHING-ON-SELF
PASS VI-TOUCH-ROW
PASS VI-TOUCH-CHECK-TN30
PASS VI-PLAY-MODE
PASS VI-STYLED
PASS VI-ROW-LAYOUT-320
PASS VI-NOTHING-SAVED
PASS VI-NO-PAGE-ERRORS

38/38 checks passed

PASS BL-SEAM
PASS BL-NONE-WITHOUT-BLIND
PASS BL-BASE-NOTE
PASS BL-FOLLOWS-REFLEXES
PASS BL-QUICK-ACCESS-REPAINT
PASS BL-NUMBERS-UNCHANGED
PASS BL-WRONG-LIST-NONE
PASS BL-GONE-WHEN-REMOVED
PASS BL-PLAY-MODE
PASS BL-STYLED
PASS BL-NO-PAGE-ERRORS

11/11 checks passed
