OK variants release removed: 1/7
OK variants switch off: 2/10
OK variants page switch off: 38/40
OK variants no stylesheet: 60/62
OK variants one spell missing: 57/62
OK variants accents kept: 61/62
OK variants apostrophes kept: 61/62
OK variants any term matches: 61/62
OK variants no ranking: 54/62
OK variants names not sorted: 59/62
OK variants invented kata page: 61/62
OK variants wrong audit page: 61/62
OK variants Brotherhood Honor choices dropped: 61/62
OK variants Path rank null shown: 61/62
OK variants get returns the live record: 61/62
OK variants a failing source breaks the index: 61/62
OK variants search writes to the sheet: 61/62
OK variants Escape closes the whole screen: 61/62
OK variants detail drops a field: 61/62
OK variants no Show more: 44/46
OK variants menu item missing: 38/40
OK variants small input font: 61/62
OK variants open() forgets the open entry: 61/62
OK variants no blur before an entry opens: 61/62
VARIANTS all as expected
