Live page matches expected PWA build byte for byte.
Service worker matches build 54b182030a4537a6.
PASS S14-SEAM
PASS S14-CATEGORY-ORDER
PASS S14-CATEGORY-GROUPS
PASS S14-COUNT-SKILLS
PASS S14-COUNT-ADVANTAGES
PASS S14-COUNT-DISADVANTAGES
PASS S14-COUNT-SCHOOLS
PASS S14-COUNT-ADVANCED
PASS S14-COUNT-PATHS
PASS S14-COUNT-TECHNIQUES
PASS S14-COUNT-KATA
PASS S14-COUNT-KIHO
PASS S14-COUNT-SPELLS
PASS S14-COUNT-WEAPONS
PASS S14-COUNT-CLANS
PASS S14-COUNT-ANCESTORS
PASS S14-EVERY-NAME-FOUND-FIRST
PASS S14-RANK-NAME-FIRST
PASS S14-RANK-TYPE-BEFORE-TEXT
PASS S14-RANK-EXACT
PASS S14-APOSTROPHE-IGNORED
PASS S14-APOSTROPHE-TYPED
PASS S14-ACCENT-IGNORED
PASS S14-CASE-IGNORED
PASS S14-ALL-TERMS
PASS S14-CATEGORY-A-Z
PASS S14-OFFSET-LIMIT
PASS S14-DEFAULT-LIMIT
PASS S14-NO-MATCH
PASS S14-SUMMARY-SHAPE
PASS S14-RECORDS-MATCH-CATALOGUES
PASS S14-PAGES-ONLY-WHERE-HELD
PASS S14-NO-JUNK-VALUES
PASS S14-RECORDS-PLAIN-DATA
PASS S14-GET-RETURNS-COPY
PASS S14-AUDIT-PAGES-COUNT
PASS S14-MENU-ITEMS-MANAGE
PASS S14-OPENS-SEARCH-TAB
PASS S14-HOME-CATEGORIES
PASS S14-INPUT-16PX
PASS S14-TYPING-FILTERS
PASS S14-CLEARED-HOME
PASS S14-CATEGORY-PAGE
PASS S14-SHOW-MORE
PASS S14-CATEGORY-SCOPED
PASS S14-KEYBOARD-CLOSES-FIRST
PASS S14-DETAIL
PASS S14-BACK-RESTORES
PASS S14-ESCAPE-DETAIL-TO-LIST
PASS S14-ESCAPE-CLOSES
PASS S14-MENU-ITEMS-PLAY
PASS S14-STATE-KEPT
PASS S14-UP-TO-HOME
PASS S14-OPEN-API
PASS S14-NO-SIDEWAYS-SCROLL-320
PASS S14-NO-SIDEWAYS-SCROLL-375
PASS S14-NO-SIDEWAYS-SCROLL-390
PASS S14-KEYSTROKE-UNDER-50MS
PASS S14-SHEET-UNCHANGED
PASS S14-STYLED
PASS S14-REGISTER-SOURCE
PASS S14-NO-PAGE-ERRORS

62/62 checks passed

PASS AB-SEAM
PASS AB-SECTIONS
PASS AB-BAR-ITEMS
PASS AB-PLACE
PASS AB-NOT-IN-A-SCROLLER
PASS AB-ON-SHEET
PASS AB-TO-CHARACTERS
PASS AB-TO-LIBRARY
PASS AB-TO-SEARCH
PASS AB-TO-SHEET
PASS AB-CHANGE-NOTICES
PASS AB-ESCAPE-FOLLOWED
PASS AB-SEARCH-RETURNS
PASS AB-DUPLICATES-HIDDEN
PASS AB-NO-OVERLAP-PLAY
PASS AB-NO-OVERLAP-MANAGEMENT
PASS AB-CHARACTERS-LEAVES-ROOM
PASS AB-QUICK-ACCESS-CLEAR
PASS AB-MODALS-ABOVE
PASS AB-PRINT-HIDDEN
PASS AB-FITS-320
PASS AB-FITS-375
PASS AB-FITS-390
PASS AB-SHEET-UNCHANGED
PASS AB-NO-PAGE-ERRORS

25/25 checks passed

PASS F141-SEAM
PASS F141-FACET-SETS
PASS F141-TECHNIQUE-SUBTYPES
PASS F141-OPTIONS-ARE-THE-CATALOGUES
PASS F141-OPTIONS-CHECKED
PASS F141-EACH-OPTION-FILTERS
PASS F141-COMBINED-AND-COUNTS
PASS F141-ANY-VALUE-WITHIN
PASS F141-TECHNIQUE-SCHOOL-AND-RANK-TOGETHER
PASS F141-SPELLS-GROUPED
PASS F141-TEXT-WITHIN-FILTERS
PASS F141-NO-CATEGORY-IS-SEARCH14
PASS F141-UNKNOWN-FILTERS
PASS F141-PAGING
PASS F141-PLAIN-DATA
PASS F141-UI-NOT-ON-HOME
PASS F141-UI-NO-FOREIGN-CATEGORY-ATTRIBUTE
PASS F141-UI-NOT-ACROSS-CATEGORIES
PASS F141-UI-SPELLS-BAR
PASS F141-UI-SPELLS-GROUPED
PASS F141-UI-OPTION-TEXT
PASS F141-UI-FILTERED-LIST
PASS F141-UI-FILTERED-HEADINGS
PASS F141-UI-COUNTS-FOLLOW
PASS F141-UI-SELECT-KEEPS-FOCUS
PASS F141-UI-TYPING-NARROWS
PASS F141-UI-TWO-FILTERS
PASS F141-UI-HIDDEN-IN-DETAIL
PASS F141-UI-BACK-KEEPS-FILTERS
PASS F141-UI-RETURNS-TO-FILTERED-LIST
PASS F141-UI-LEAVING-CATEGORY-CLEARS
PASS F141-UI-OPEN-WITH-OPTIONS-CLEARS
PASS F141-UI-SHOW-MORE
PASS F141-UI-CLEAR
PASS F141-UI-EACH-CATEGORY-OWN-FACETS
PASS F141-UI-SIZES
PASS F141-UI-NO-SIDEWAYS-SCROLL-320
PASS F141-UI-NO-SIDEWAYS-SCROLL-375
PASS F141-UI-NO-SIDEWAYS-SCROLL-390
PASS F141-UI-APP-BAR-NOT-COVERED
PASS F141-UI-KEYSTROKE-UNDER-50MS
PASS F141-SHEET-UNCHANGED
PASS F141-STYLED
PASS F141-NO-PAGE-ERRORS

44/44 checks passed

PASS F141-DEP-CONTROL
PASS F141-DEP-CONTROL-NO-PAGE-ERRORS
PASS F141-DEP-FACET-PAGE-OFF
PASS F141-DEP-FACET-PAGE-OFF-NO-PAGE-ERRORS
PASS F141-DEP-FACETS-OFF
PASS F141-DEP-FACETS-OFF-NO-PAGE-ERRORS
PASS F141-DEP-SEARCH-PAGE-OFF
PASS F141-DEP-SEARCH-PAGE-OFF-NO-PAGE-ERRORS
PASS F141-DEP-SEARCH-OFF
PASS F141-DEP-SEARCH-OFF-NO-PAGE-ERRORS
PASS F141-DEP-APP-BAR-OFF
PASS F141-DEP-APP-BAR-OFF-NO-PAGE-ERRORS
PASS F141-DEP-CHARACTERS-OFF
PASS F141-DEP-CHARACTERS-OFF-NO-PAGE-ERRORS

14/14 checks passed
