PASS TB-CHARACTERS-STRUCTURE
PASS TB-CHARACTERS-BAR-STAYS
PASS TB-CHARACTERS-FILLS
PASS TB-LIBRARY-STRUCTURE
PASS TB-LIBRARY-BAR-STAYS
PASS TB-LIBRARY-FILLS
PASS TB-SEARCH-HOME-STRUCTURE
PASS TB-SEARCH-HOME-BAR-STAYS
PASS TB-SEARCH-HOME-FILLS
PASS TB-SKILLS-STRUCTURE
PASS TB-SKILLS-BAR-STAYS
PASS TB-SKILLS-FILLS
PASS TB-PATHS-STRUCTURE
PASS TB-PATHS-BAR-STAYS
PASS TB-PATHS-FILLS
PASS TB-ANCESTOR-STRUCTURE
PASS TB-ANCESTOR-BAR-STAYS
PASS TB-ANCESTOR-FILLS
PASS TB-SPELL-STRUCTURE
PASS TB-SPELL-BAR-STAYS
PASS TB-SPELL-FILLS
PASS TB-COLUMN-RULE-FOUND
PASS TB-COLUMN-1280
PASS TB-COLUMN-390
PASS TB-NO-SIDEWAYS-SCROLL-320
PASS TB-NO-SIDEWAYS-SCROLL-375
PASS TB-NO-SIDEWAYS-SCROLL-390
PASS TB-SEARCH-BACK-RESTORES
PASS TB-SEARCH-RETURNS
PASS TB-NO-PAGE-ERRORS

30/30 checks passed
