PASS CONTROL-SEAM
PASS CONTROL-DICE
PASS CONTROL-MOMOKU
PASS CONTROL-QUICK
PASS CONTROL-ROWS
PASS CONTROL-NO-ERRORS
PASS ADV-CONFIG-OFF-SEAM
PASS ADV-CONFIG-OFF-DICE
PASS ADV-CONFIG-OFF-MOMOKU
PASS ADV-CONFIG-OFF-QUICK
PASS ADV-CONFIG-OFF-ROWS
PASS ADV-CONFIG-OFF-NO-ERRORS
PASS ROLL-EFFECTS-OFF-SEAM
PASS ROLL-EFFECTS-OFF-DICE
PASS ROLL-EFFECTS-OFF-MOMOKU
PASS ROLL-EFFECTS-OFF-QUICK
PASS ROLL-EFFECTS-OFF-ROWS
PASS ROLL-EFFECTS-OFF-NO-ERRORS
PASS RELEASE-OFF-SEAM
PASS RELEASE-OFF-DICE
PASS RELEASE-OFF-MOMOKU
PASS RELEASE-OFF-QUICK
PASS RELEASE-OFF-ROWS
PASS RELEASE-OFF-NO-ERRORS
24/24 checks passed
