{
  "root": "C:\\Users\\jcrow\\AppData\\Local\\Temp\\tmp.2jDpmILjwX\\t",
  "dry_run": false,
  "removed": [
    "src/sheet/209.99999993-feat-void-initiative-entries.js",
    "src/css/59.99997-feat-void-initiative-entries.css"
  ],
  "edited": [
    "src/sheet/210-test-seam-and-init.js",
    "build/manifest.json"
  ],
  "rebuild_sha256": "df80ee3ca32376d5151325a6bb7a223f053357d5632391dcf651297e656e8857",
  "rebuild_bytes": 3717053
}
Surgical removal complete. Rebuild this scratch copy next.
built  : l5r-character-sheet.html
bytes  : 3717053
lines  : 42509
sha256 : df80ee3ca32376d5151325a6bb7a223f053357d5632391dcf651297e656e8857
verify : BYTE-IDENTICAL to the pre-split build
df80ee3ca32376d5151325a6bb7a223f053357d5632391dcf651297e656e8857 */tmp/tmp.2jDpmILjwX/t/l5r-character-sheet.html
