OK variants release removed: 11/31
OK variants switch off: 12/31
OK variants no stylesheet: 43/44
OK variants Daredevil +4k2: 40/44
OK variants Daredevil on every Skill: 42/44
OK variants Touch of the Void +2k2: 41/44
OK variants Touch of the Void on damage: 43/44
OK variants Momoku leaves the Void card open: 43/44
OK variants Momoku keeps armed Void dice: 43/44
OK variants Quick twice a Round: 42/44
OK variants Quick out of combat: 42/44
OK variants Quick not on Initiative: 43/44
OK variants Quick counts one Round only: 42/44
OK variants Leadership without School Rank: 42/44
OK variants Leadership note says Ten Dice Rule: 43/44
OK variants Touch of the Void check at TN 25: 42/44
OK variants rows on the wrong list: 43/44
OK variants no automatic check: 40/44
OK variants check opens over the roll window: 38/39
OK variants armed Void not waited for: 43/44
OK variants one check for two spends: 43/44
VARIANTS all as expected
