Live page matches expected PWA build byte for byte.
Service worker matches build ea341dc9fe46c41f.
PASS DS-SEAM
PASS DS-REGISTRY-STILL-SEVEN
PASS DS-CATALOGUE
PASS DS-TICK-PROVIDER-REGISTERED
PASS DS-CORE-UNARMED-IS-0K1-PLUS-STRENGTH
PASS DS-HANDS-OF-STONE-UNARMED
PASS DS-HANDS-OF-STONE-NOT-WEAPONS
PASS DS-LARGE-LARGE-MELEE
PASS DS-LARGE-NOT-MEDIUM-RANGED-UNARMED
PASS DS-SMALL-MELEE
PASS DS-SMALL-NOT-RANGED
PASS DS-LARGE-AND-SMALL-NEITHER
PASS DS-LARGE-AND-SMALL-ROWS-SAY
PASS DS-SMALL-NEVER-KEEPS-MORE-THAN-ROLLED
PASS DS-DAMAGE-ROLL-USES-THE-DICE
PASS DS-DAMAGE-ROLL-NAMES-THE-ENTRY
PASS DS-DAMAGE-NOT-A-ROLL-MODIFIER
PASS DS-LARGE-GREYED-WITH-SMALL
PASS DS-SMALL-GREYED-WITH-LARGE
PASS DS-NEITHER-GREYED-ALONE
PASS DS-GREAT-DESTINY-ROW
PASS DS-GREAT-DESTINY-ASKS-FIRST
PASS DS-GREAT-DESTINY-ONE-WOUND-FROM-DEATH
PASS DS-GREAT-DESTINY-USED
PASS DS-GREAT-DESTINY-ONCE-A-SESSION
PASS DS-GREAT-DESTINY-USE-SAVED
PASS DS-GREAT-DESTINY-RESET
PASS DS-DARK-FATE-ROW
PASS DS-DARK-FATE-ASKS-FIRST
PASS DS-DARK-FATE-ONE-WOUND-FROM-DEATH
PASS DS-DARK-FATE-USED
PASS DS-DARK-FATE-ONCE-A-SESSION
PASS DS-DARK-FATE-USE-SAVED
PASS DS-DARK-FATE-RESET
PASS DS-DESTINY-FOLLOWS-WOUND-CORE
PASS DS-HAUNTED-CONTENT-NOTHING
PASS DS-HAUNTED-ANGRY-OFFERS
PASS DS-HAUNTED-NOT-DAMAGE
PASS DS-HAUNTED-UNTICKED-BY-DEFAULT
PASS DS-HAUNTED-UNTICKED-NOT-SPENT
PASS DS-HAUNTED-TICKED-POOL
PASS DS-HAUNTED-ROLL
PASS DS-HAUNTED-SPENT
PASS DS-HAUNTED-SAVED
PASS DS-HAUNTED-RESET
PASS DS-HAUNTED-CANCEL-NOT-SPENT
PASS DS-ENLIGHTENED-VOID-XP
PASS DS-ENLIGHTENED-NOTHING-BOUGHT
PASS DS-OBTUSE-CORE
PASS DS-OBTUSE-HIGH-DOUBLED
PASS DS-OBTUSE-BREAKDOWN-AGREES
PASS DS-OBTUSE-EMPHASIS-NOT-DOUBLED
PASS DS-OBTUSE-ONLY-PAID-RANKS
PASS DS-BETROTHAL-SOCIAL-POSITION
PASS DS-BETROTHAL-STABLE-OVER-RECALCS
PASS DS-BETROTHAL-ROUND-TRIP
PASS DS-BETROTHAL-GONE-PRICE-BACK
PASS DS-BETROTHAL-NEVER-BELOW-ONE
PASS DS-BETROTHAL-TIE-CORE-PRICE
PASS DS-BETROTHAL-TIE-NEEDS-SPOUSE
PASS DS-BETROTHAL-NOT-OTHER-ADVANTAGES
PASS DS-ROW-NOTES
PASS DS-ROW-BETROTHAL
PASS DS-PLAY-MODE
PASS DS-ROW-STYLED
PASS DS-WRONG-LIST-NOTHING
PASS DS-DUPLICATE-ONCE
PASS DS-ROW-LAYOUT-320
PASS DS-NO-PAGE-ERRORS

69/69 checks passed

PASS CK-SEAM
PASS CK-REGISTRY-STILL-SEVEN
PASS CK-CATALOGUE
PASS CK-TICK-PROVIDER-REGISTERED
PASS CK-NOTHING-WITHOUT-ENTRIES
PASS CK-NO-ROWS-WITHOUT-ENTRIES
PASS CK-ROW-BRASH
PASS CK-ROW-CANT-LIE
PASS CK-ROW-CONTRARY
PASS CK-ROW-EPILEPSY
PASS CK-ROW-OVERCONFIDENT
PASS CK-ROW-RUMORMONGER
PASS CK-ROW-SOFT-HEARTED
PASS CK-ROW-LOST-LOVE
PASS CK-ROW-MISSING-LIMB
PASS CK-ROW-LAME-REMINDS-MOVE
PASS CK-ROW-BLIND-REMINDERS
PASS CK-ROW-ISHIKEN-NON-SHUGENJA
PASS CK-ROW-ISHIKEN-SHUGENJA-NONE
PASS CK-PLAY-MODE
PASS CK-MANAGE-LIMB-EDITABLE
PASS CK-BRASH-ROLL
PASS CK-BRASH-ADDS-HONOR-RANK
PASS CK-BRASH-FAILS-BELOW-TN
PASS CK-BRASH-FAILURE-OF-BUSHIDO-HONOR
PASS CK-BRASH-ROW-SAYS-NOT-ADDED
PASS CK-CANT-LIE
PASS CK-CONTRARY-USES-TYPED-TN
PASS CK-CONTRARY-EMPTY-TN-ASKS
PASS CK-EPILEPSY-AVOID
PASS CK-EPILEPSY-END
PASS CK-OVERCONFIDENT-PERCEPTION
PASS CK-RUMORMONGER-EMPTY-ASKS
PASS CK-RUMORMONGER-TN-5X-GLORY
PASS CK-BOX-SURVIVES-RECALC
PASS CK-SOFT-HEARTED-CHECK
PASS CK-CHECK-NEEDS-TRAIT
PASS CK-TICKS-UNTICKED-BY-DEFAULT
PASS CK-LAME-AGILITY-ROLLS
PASS CK-LAME-NOT-OTHER-TRAITS
PASS CK-LAME-ARMED-TN-10
PASS CK-MISSING-LIMB-EVERY-ROLL
PASS CK-MISSING-LIMB-NOT-DAMAGE-OR-INITIATIVE
PASS CK-MISSING-LIMB-UNCHOSEN-LABEL
PASS CK-MISSING-LIMB-NAMES-THE-LIMB
PASS CK-MISSING-LIMB-ARMED-TN-10
PASS CK-DISBELIEVER-SEVEN-SOCIAL
PASS CK-DISBELIEVER-NOT-OTHER
PASS CK-DISBELIEVER-ARMED-TN-5
PASS CK-PREVIEW-BOXES
PASS CK-PREVIEW-TICK-REACHES-TOTAL
PASS CK-SWITCHES-OFF-NOTHING
PASS CK-LOST-LOVE-EVERY-TN
PASS CK-LOST-LOVE-NOT-DAMAGE-INITIATIVE
PASS CK-LOST-LOVE-SAVED
PASS CK-LOST-LOVE-SPEND-VOID
PASS CK-LOST-LOVE-NO-VOID
PASS CK-SWITCHES-STACK
PASS CK-SWITCHES-ROUND-TRIP
PASS CK-LIMB-ROUND-TRIP
PASS CK-RENAMED-DROPS-SETTING
PASS CK-RENAMED-NO-EFFECT
PASS CK-BLIND-CORE-BASELINE
PASS CK-BLIND-ARMOR-TN
PASS CK-BLIND-IDEMPOTENT
PASS CK-BLIND-FOLLOWS-REFLEXES
PASS CK-BLIND-REMOVED-CORE-BACK
PASS CK-BLIND-RANGED
PASS CK-BLIND-MELEE
PASS CK-BLIND-UNARMED-IS-MELEE
PASS CK-BLIND-NOT-DAMAGE
PASS CK-BLIND-PERCEPTION-INFO
PASS CK-BLIND-NOT-OTHER-ROLLS
PASS CK-WRONG-LIST-NO-ROWS
PASS CK-WRONG-LIST-NO-EFFECT
PASS CK-DUPLICATE-ONCE
PASS CK-DUPLICATE-BLIND-ARMOR-ONCE
PASS CK-NOTHING-ELSE-SAVED
PASS CK-ISHIKEN-PICKER-NON-SHUGENJA
PASS CK-ISHIKEN-PICKER-SHUGENJA
PASS CK-PICKER-SAME-SPELLS-LISTED
PASS CK-PICKER-VOID-LISTED
PASS CK-PICKER-VOID-GREYED-WITHOUT
PASS CK-PICKER-OTHERS-UNCHANGED
PASS CK-PICKER-NOTHING-GATED-WITH
PASS CK-WIZARD-GROUPS-WITHOUT
PASS CK-WIZARD-STEP-GREYED
PASS CK-WIZARD-GROUPS-WITH
PASS CK-WIZARD-STEP-NOT-GREYED-WITH
PASS CK-ADD-VOID-REFUSED-SCROLL-KEPT
PASS CK-ADD-VOID-WITH-ISHIKEN
PASS CK-NO-SCHOOL-GIVES-VOID
PASS CK-VOID-ON-LIST-FLAGGED
PASS CK-VOID-CAST-NOT-BLOCKED
PASS CK-VOID-ON-LIST-CLEAR-WITH
PASS CK-UNIVERSAL-NEVER-VOID-WITHOUT
PASS CK-UNIVERSAL-NEVER-VOID-WITH
PASS CK-VOID-SCROLL-STILL-OFFERED
PASS CK-ROW-LAYOUT-320
PASS CK-TOUCH-TARGETS
PASS CK-NO-PAGE-ERRORS

101/101 checks passed

PASS AE-SEAM
PASS AE-REGISTRY-STILL-SEVEN
PASS AE-CATALOGUE
PASS AE-NOTHING-WITHOUT-ENTRIES
PASS AE-SILENT-STEALTH
PASS AE-SILENT-STEALTH-EMPHASIS-NAME
PASS AE-SILENT-NOT-OTHER-SKILL
PASS AE-SILENT-NOT-DAMAGE
PASS AE-PRODIGY-EVERY-SCHOOL-SKILL
PASS AE-PRODIGY-ATTACK-WITH-SCHOOL-SKILL
PASS AE-PRODIGY-NOT-OTHER-SKILL
PASS AE-PRODIGY-NOT-DAMAGE
PASS AE-PRODIGY-TICKED-SCHOOL-ROW
PASS AE-PRODIGY-NO-SCHOOL-NOTHING
PASS AE-VOICE-SONG-ORATORY-STORYTELLING
PASS AE-VOICE-NOT-OTHER-PERFORM
PASS AE-EYESIGHT-RANGED-ATTACK
PASS AE-EYESIGHT-NOT-MELEE
PASS AE-EYESIGHT-PERCEPTION-TRAIT
PASS AE-EYESIGHT-PERCEPTION-SKILL
PASS AE-EYESIGHT-SPOT-AMBUSH
PASS AE-EYESIGHT-NOT-OTHER-TRAIT
PASS AE-EYESIGHT-RANGED-PERCEPTION-ONCE
PASS AE-EYESIGHT-NOT-DAMAGE
PASS AE-COUNTENANCE-SEVEN-SOCIAL
PASS AE-COUNTENANCE-NOT-ARTISAN
PASS AE-ANACHRONISM-ARTISAN-CRAFT-SOCIAL
PASS AE-ANACHRONISM-NOT-OTHER
PASS AE-TN-NOTE-SAYS-TN
PASS AE-WRONG-LIST-DOES-NOT-COUNT
PASS AE-DUPLICATE-APPLIES-ONCE
PASS AE-DIFFERENT-ENTRIES-STACK
PASS AE-RENAMED-DOES-NOT-COUNT
PASS AE-DICE-SILENT
PASS AE-DICE-COUNTENANCE-TOTAL
PASS AE-ROUTE-SKILL-TABLE
PASS AE-ROW-ANACHRONISM-ONLY
PASS AE-ROW-RENAMED-LOSES-LINE
PASS AE-NOTHING-SAVED
PASS AE-ROW-LAYOUT-320
PASS AE-NO-PAGE-ERRORS

41/41 checks passed
