OK variants release removed: 14/36
OK variants switch off: 14/36
OK variants no stylesheet: 68/69
OK variants Hands of Stone +1k1: 65/69
OK variants Hands of Stone on every weapon: 68/69
OK variants Large on every melee weapon: 68/69
OK variants Small on ranged damage: 68/69
OK variants Large and Small together both apply: 68/69
OK variants Keep can exceed rolled: 68/69
OK variants Damage roll names nothing: 68/69
OK variants Destiny leaves the full limit: 64/69
OK variants Destiny without asking: 55/56
OK variants Destiny not once a session: 67/69
OK variants Haunted not spent by its roll: 67/69
OK variants Haunted without the ancestor angry: 68/69
OK variants Haunted -1k0: 68/69
OK variants Enlightened 1 XP less: 68/69
OK variants Obtuse doubles Investigation: 67/69
OK variants Obtuse doubles Emphases too: 68/69
OK variants Betrothal below 1: 68/69
OK variants Betrothal ties without the spouse: 68/69
OK variants Betrothal price not remembered in saves: 67/69
OK variants Large not greyed beside Small: 68/69
OK variants Spouse switch editable in Play: 68/69
OK boundaries Checks and conditions with this release: 101/101
OK boundaries Checks and conditions retained after removal: 101/101
OK boundaries Wound entries with this release: 45/45
OK boundaries Dependency boundaries: 60/60
VARIANTS all as expected
