PASS CONTROL-SEAM
PASS CONTROL-OFFERS
PASS CONTROL-FREE-RAISE
PASS CONTROL-BALANCE-HONOR-BAR
PASS CONTROL-NO-ERRORS
PASS REGISTRY-OFF-SEAM
PASS REGISTRY-OFF-OFFERS
PASS REGISTRY-OFF-FREE-RAISE
PASS REGISTRY-OFF-BALANCE-HONOR-BAR
PASS REGISTRY-OFF-NO-ERRORS
PASS REGISTRY-ABSENT-SEAM
PASS REGISTRY-ABSENT-OFFERS
PASS REGISTRY-ABSENT-FREE-RAISE
PASS REGISTRY-ABSENT-BALANCE-HONOR-BAR
PASS REGISTRY-ABSENT-NO-ERRORS
PASS DISADV-CONFIG-OFF-SEAM
PASS DISADV-CONFIG-OFF-OFFERS
PASS DISADV-CONFIG-OFF-FREE-RAISE
PASS DISADV-CONFIG-OFF-BALANCE-HONOR-BAR
PASS DISADV-CONFIG-OFF-NO-ERRORS
PASS ROLL-EFFECTS-OFF-SEAM
PASS ROLL-EFFECTS-OFF-OFFERS
PASS ROLL-EFFECTS-OFF-FREE-RAISE
PASS ROLL-EFFECTS-OFF-BALANCE-HONOR-BAR
PASS ROLL-EFFECTS-OFF-NO-ERRORS
PASS ADV-CONFIG-OFF-SEAM
PASS ADV-CONFIG-OFF-OFFERS
PASS ADV-CONFIG-OFF-FREE-RAISE
PASS ADV-CONFIG-OFF-BALANCE-HONOR-BAR
PASS ADV-CONFIG-OFF-NO-ERRORS
30/30 checks passed
