PASS SIT-SEAM
PASS SIT-PROVIDER-REGISTERED
PASS SIT-REGISTRY-SEVEN
PASS SIT-CATALOGUE-HAS-NINE
PASS SIT-NOTHING-OFFERED-WITHOUT-ENTRIES
PASS SIT-OFFERS-COURTIER
PASS SIT-OFFERS-ACTING
PASS SIT-OFFERS-ETIQUETTE-WILLPOWER
PASS SIT-OFFERS-PERFORM-SONG
PASS SIT-OFFERS-SINCERITY
PASS SIT-OFFERS-INTIMIDATION
PASS SIT-OFFERS-TEMPTATION
PASS SIT-OFFERS-TEMPTATION-UNSKILLED
PASS SIT-OFFERS-INVESTIGATION-PERCEPTION
PASS SIT-OFFERS-INVESTIGATION-LOWERCASE
PASS SIT-OFFERS-INVESTIGATION-AWARENESS
PASS SIT-OFFERS-CALLIGRAPHY
PASS SIT-OFFERS-LORE
PASS SIT-OFFERS-FULL-DEFENSE
PASS SIT-OFFERS-TRAIT-INTELLIGENCE
PASS SIT-OFFERS-TRAIT-WILLPOWER
PASS SIT-OFFERS-RING-AIR
PASS SIT-OFFERS-MANUAL
PASS SIT-OFFERS-ATTACK
PASS SIT-OFFERS-DAMAGE
PASS SIT-OFFERS-SPELL
PASS SIT-OFFERS-INITIATIVE
PASS SIT-LABELS-STATE-BOOK-POOLS
PASS SIT-LABELS-CITE-SOURCES
PASS SIT-ONLY-OWNED-BALANCE
PASS SIT-ONLY-OWNED-CLEAR-THINKER
PASS SIT-ONLY-OWNED-DANGEROUS-BEAUTY
PASS SIT-ONLY-OWNED-HEARTLESS
PASS SIT-ONLY-OWNED-IMPERIAL-SCRIBE
PASS SIT-ONLY-OWNED-IMPERIAL-SPOUSE
PASS SIT-ONLY-OWNED-IRREPROACHABLE
PASS SIT-ONLY-OWNED-PRECISE-MEMORY
PASS SIT-ONLY-OWNED-WARY
PASS SIT-DISADVANTAGE-LIST-DOES-NOT-COUNT
PASS SIT-DUPLICATE-OFFERED-ONCE
PASS SIT-DUPLICATE-APPLIES-ONCE
PASS SIT-RENAMED-ROW-NOT-OFFERED
PASS SIT-REMOVED-BEFORE-ROLL-NOT-APPLIED
PASS SIT-UNTICKED-BALANCE
PASS SIT-PREVIEW-POOL-BALANCE
PASS SIT-DICE-BALANCE
PASS SIT-FRESH-BALANCE
PASS SIT-UNDECLARED-BALANCE
PASS SIT-UNTICKED-CLEAR-THINKER
PASS SIT-PREVIEW-POOL-CLEAR-THINKER
PASS SIT-DICE-CLEAR-THINKER
PASS SIT-FRESH-CLEAR-THINKER
PASS SIT-UNDECLARED-CLEAR-THINKER
PASS SIT-UNTICKED-DANGEROUS-BEAUTY
PASS SIT-PREVIEW-POOL-DANGEROUS-BEAUTY
PASS SIT-DICE-DANGEROUS-BEAUTY
PASS SIT-FRESH-DANGEROUS-BEAUTY
PASS SIT-UNDECLARED-DANGEROUS-BEAUTY
PASS SIT-UNTICKED-HEARTLESS
PASS SIT-PREVIEW-POOL-HEARTLESS
PASS SIT-DICE-HEARTLESS
PASS SIT-FRESH-HEARTLESS
PASS SIT-UNDECLARED-HEARTLESS
PASS SIT-UNTICKED-IMPERIAL-SCRIBE
PASS SIT-PREVIEW-POOL-IMPERIAL-SCRIBE
PASS SIT-DICE-IMPERIAL-SCRIBE
PASS SIT-FRESH-IMPERIAL-SCRIBE
PASS SIT-UNDECLARED-IMPERIAL-SCRIBE
PASS SIT-UNTICKED-IMPERIAL-SPOUSE
PASS SIT-PREVIEW-POOL-IMPERIAL-SPOUSE
PASS SIT-DICE-IMPERIAL-SPOUSE
PASS SIT-FRESH-IMPERIAL-SPOUSE
PASS SIT-UNDECLARED-IMPERIAL-SPOUSE
PASS SIT-UNTICKED-IRREPROACHABLE
PASS SIT-PREVIEW-POOL-IRREPROACHABLE
PASS SIT-DICE-IRREPROACHABLE
PASS SIT-FRESH-IRREPROACHABLE
PASS SIT-UNDECLARED-IRREPROACHABLE
PASS SIT-UNTICKED-PRECISE-MEMORY
PASS SIT-PREVIEW-POOL-PRECISE-MEMORY
PASS SIT-DICE-PRECISE-MEMORY
PASS SIT-FRESH-PRECISE-MEMORY
PASS SIT-UNDECLARED-PRECISE-MEMORY
PASS SIT-UNTICKED-WARY
PASS SIT-PREVIEW-POOL-WARY
PASS SIT-DICE-WARY
PASS SIT-FRESH-WARY
PASS SIT-UNDECLARED-WARY
PASS SIT-CANCEL-DISARMS
PASS SIT-AFTER-CANCEL-UNTICKED
PASS SIT-REROLL-KEEPS-DECLARATION
PASS SIT-NO-LEAK-SKIPPED-PREVIEW
PASS SIT-OLD-ROLL-RELEASED
PASS SIT-NOTHING-SAVED
PASS SIT-RELOADED-UNTICKED
PASS SIT-OFFERED-IN-PLAY
PASS SIT-FOUR-STACK-PREVIEW
PASS SIT-FOUR-STACK-DICE
PASS SIT-STACKS-WITH-HEART-OF-VENGEANCE
PASS SIT-TEN-DICE-RULE-PREVIEW
PASS SIT-TEN-DICE-RULE-DICE
PASS SIT-BALANCE-HIDDEN-WITH-FAILURE-OF-HONOR
PASS SIT-BALANCE-OFFERED-WITH-OTHER-TENET
PASS SIT-BALANCE-OFFERED-UNCONFIGURED-FAILURE
PASS SIT-BALANCE-REMINDS-HONOR-RANK
PASS SIT-FREE-RAISE-CALLIGRAPHY
PASS SIT-FREE-RAISE-NOT-UNSKILLED
PASS SIT-FREE-RAISE-NOT-RANK-ZERO
PASS SIT-FREE-RAISE-NOT-OTHER-SKILL
PASS SIT-FREE-RAISE-NOT-TRAIT
PASS SIT-FREE-RAISE-IN-PREVIEW
PASS SIT-FREE-RAISE-NO-DICE
PASS SIT-FREE-RAISE-NEEDS-SCRIBE
PASS SIT-ROUTE-SKILL-TABLE-WARY
PASS SIT-ROUTE-TRAIT-LABEL-OFFERED
PASS SIT-ROUTE-TRAIT-LABEL-DICE
PASS SIT-ROUTE-UNSKILLED-NO-EXPLOSION
PASS SIT-ROUTE-CRAFTY-LIFTED-TEMPTATION
PASS SIT-ROUTE-GAIJIN-NAME-PRESERVED
PASS SIT-DESC-CLEAR-THINKER
PASS SIT-DESC-HEARTLESS
PASS SIT-DESC-NEW-ROW-USES-TEXT
PASS SIT-GEOMETRY-320
PASS SIT-GEOMETRY-375
PASS SIT-GEOMETRY-768
PASS SIT-GEOMETRY-1440
PASS SIT-NO-PAGE-ERRORS

127/127 checks passed
