Live page matches expected PWA build byte for byte.
Service worker matches build 0459cec5c5578655.
PASS SIT-SEAM
PASS SIT-PROVIDER-REGISTERED
PASS SIT-REGISTRY-SEVEN
PASS SIT-CATALOGUE-HAS-NINE
PASS SIT-NOTHING-OFFERED-WITHOUT-ENTRIES
PASS SIT-OFFERS-COURTIER
PASS SIT-OFFERS-ACTING
PASS SIT-OFFERS-ETIQUETTE-WILLPOWER
PASS SIT-OFFERS-PERFORM-SONG
PASS SIT-OFFERS-SINCERITY
PASS SIT-OFFERS-INTIMIDATION
PASS SIT-OFFERS-TEMPTATION
PASS SIT-OFFERS-TEMPTATION-UNSKILLED
PASS SIT-OFFERS-INVESTIGATION-PERCEPTION
PASS SIT-OFFERS-INVESTIGATION-LOWERCASE
PASS SIT-OFFERS-INVESTIGATION-AWARENESS
PASS SIT-OFFERS-CALLIGRAPHY
PASS SIT-OFFERS-LORE
PASS SIT-OFFERS-FULL-DEFENSE
PASS SIT-OFFERS-TRAIT-INTELLIGENCE
PASS SIT-OFFERS-TRAIT-WILLPOWER
PASS SIT-OFFERS-RING-AIR
PASS SIT-OFFERS-MANUAL
PASS SIT-OFFERS-ATTACK
PASS SIT-OFFERS-DAMAGE
PASS SIT-OFFERS-SPELL
PASS SIT-OFFERS-INITIATIVE
PASS SIT-LABELS-STATE-BOOK-POOLS
PASS SIT-LABELS-CITE-SOURCES
PASS SIT-ONLY-OWNED-BALANCE
PASS SIT-ONLY-OWNED-CLEAR-THINKER
PASS SIT-ONLY-OWNED-DANGEROUS-BEAUTY
PASS SIT-ONLY-OWNED-HEARTLESS
PASS SIT-ONLY-OWNED-IMPERIAL-SCRIBE
PASS SIT-ONLY-OWNED-IMPERIAL-SPOUSE
PASS SIT-ONLY-OWNED-IRREPROACHABLE
PASS SIT-ONLY-OWNED-PRECISE-MEMORY
PASS SIT-ONLY-OWNED-WARY
PASS SIT-DISADVANTAGE-LIST-DOES-NOT-COUNT
PASS SIT-DUPLICATE-OFFERED-ONCE
PASS SIT-DUPLICATE-APPLIES-ONCE
PASS SIT-RENAMED-ROW-NOT-OFFERED
PASS SIT-REMOVED-BEFORE-ROLL-NOT-APPLIED
PASS SIT-UNTICKED-BALANCE
PASS SIT-PREVIEW-POOL-BALANCE
PASS SIT-DICE-BALANCE
PASS SIT-FRESH-BALANCE
PASS SIT-UNDECLARED-BALANCE
PASS SIT-UNTICKED-CLEAR-THINKER
PASS SIT-PREVIEW-POOL-CLEAR-THINKER
PASS SIT-DICE-CLEAR-THINKER
PASS SIT-FRESH-CLEAR-THINKER
PASS SIT-UNDECLARED-CLEAR-THINKER
PASS SIT-UNTICKED-DANGEROUS-BEAUTY
PASS SIT-PREVIEW-POOL-DANGEROUS-BEAUTY
PASS SIT-DICE-DANGEROUS-BEAUTY
PASS SIT-FRESH-DANGEROUS-BEAUTY
PASS SIT-UNDECLARED-DANGEROUS-BEAUTY
PASS SIT-UNTICKED-HEARTLESS
PASS SIT-PREVIEW-POOL-HEARTLESS
PASS SIT-DICE-HEARTLESS
PASS SIT-FRESH-HEARTLESS
PASS SIT-UNDECLARED-HEARTLESS
PASS SIT-UNTICKED-IMPERIAL-SCRIBE
PASS SIT-PREVIEW-POOL-IMPERIAL-SCRIBE
PASS SIT-DICE-IMPERIAL-SCRIBE
PASS SIT-FRESH-IMPERIAL-SCRIBE
PASS SIT-UNDECLARED-IMPERIAL-SCRIBE
PASS SIT-UNTICKED-IMPERIAL-SPOUSE
PASS SIT-PREVIEW-POOL-IMPERIAL-SPOUSE
PASS SIT-DICE-IMPERIAL-SPOUSE
PASS SIT-FRESH-IMPERIAL-SPOUSE
PASS SIT-UNDECLARED-IMPERIAL-SPOUSE
PASS SIT-UNTICKED-IRREPROACHABLE
PASS SIT-PREVIEW-POOL-IRREPROACHABLE
PASS SIT-DICE-IRREPROACHABLE
PASS SIT-FRESH-IRREPROACHABLE
PASS SIT-UNDECLARED-IRREPROACHABLE
PASS SIT-UNTICKED-PRECISE-MEMORY
PASS SIT-PREVIEW-POOL-PRECISE-MEMORY
PASS SIT-DICE-PRECISE-MEMORY
PASS SIT-FRESH-PRECISE-MEMORY
PASS SIT-UNDECLARED-PRECISE-MEMORY
PASS SIT-UNTICKED-WARY
PASS SIT-PREVIEW-POOL-WARY
PASS SIT-DICE-WARY
PASS SIT-FRESH-WARY
PASS SIT-UNDECLARED-WARY
PASS SIT-CANCEL-DISARMS
PASS SIT-AFTER-CANCEL-UNTICKED
PASS SIT-REROLL-KEEPS-DECLARATION
PASS SIT-NO-LEAK-SKIPPED-PREVIEW
PASS SIT-OLD-ROLL-RELEASED
PASS SIT-NOTHING-SAVED
PASS SIT-RELOADED-UNTICKED
PASS SIT-OFFERED-IN-PLAY
PASS SIT-FOUR-STACK-PREVIEW
PASS SIT-FOUR-STACK-DICE
PASS SIT-STACKS-WITH-HEART-OF-VENGEANCE
PASS SIT-TEN-DICE-RULE-PREVIEW
PASS SIT-TEN-DICE-RULE-DICE
PASS SIT-BALANCE-HIDDEN-WITH-FAILURE-OF-HONOR
PASS SIT-BALANCE-OFFERED-WITH-OTHER-TENET
PASS SIT-BALANCE-OFFERED-UNCONFIGURED-FAILURE
PASS SIT-BALANCE-REMINDS-HONOR-RANK
PASS SIT-FREE-RAISE-CALLIGRAPHY
PASS SIT-FREE-RAISE-NOT-UNSKILLED
PASS SIT-FREE-RAISE-NOT-RANK-ZERO
PASS SIT-FREE-RAISE-NOT-OTHER-SKILL
PASS SIT-FREE-RAISE-NOT-TRAIT
PASS SIT-FREE-RAISE-IN-PREVIEW
PASS SIT-FREE-RAISE-NO-DICE
PASS SIT-FREE-RAISE-NEEDS-SCRIBE
PASS SIT-ROUTE-SKILL-TABLE-WARY
PASS SIT-ROUTE-TRAIT-LABEL-OFFERED
PASS SIT-ROUTE-TRAIT-LABEL-DICE
PASS SIT-ROUTE-UNSKILLED-NO-EXPLOSION
PASS SIT-ROUTE-CRAFTY-LIFTED-TEMPTATION
PASS SIT-ROUTE-GAIJIN-NAME-PRESERVED
PASS SIT-DESC-CLEAR-THINKER
PASS SIT-DESC-HEARTLESS
PASS SIT-DESC-NEW-ROW-USES-TEXT
PASS SIT-GEOMETRY-320
PASS SIT-GEOMETRY-375
PASS SIT-GEOMETRY-768
PASS SIT-GEOMETRY-1440
PASS SIT-NO-PAGE-ERRORS

127/127 checks passed

PASS RD-ENABLED
PASS RD-REGISTRY-SEVEN
PASS RD-NO-PRODUCTION-PROVIDER
PASS RD-EMPTY-NO-BLOCK
PASS RD-EMPTY-UNCHANGED-DICE
PASS RD-REJECT-BAD-ID
PASS RD-REJECT-NO-FUNCTIONS
PASS RD-REGISTER
PASS RD-REPLACE-SAME-ID
PASS RD-UNREGISTER
PASS RD-OFFERED-UNCHECKED
PASS RD-SOURCE-LABEL
PASS RD-NOTE-SHOWN
PASS RD-PREVIEW-BASE
PASS RD-PREVIEW-TICKED
PASS RD-TICK-SURVIVES-RENDER
PASS RD-MODIFIER-ROW
PASS RD-REAL-DICE-DECLARED
PASS RD-RESULT-NAMES-IT
PASS RD-FRESH-NEXT-PREVIEW
PASS RD-REAL-DICE-NEXT-ROLL
PASS RD-UNTICK
PASS RD-REAL-DICE-UNTICKED
PASS RD-ARMED-WHILE-OPEN
PASS RD-CANCEL-DISARMS
PASS RD-ESCAPE-DISARMS
PASS RD-NO-LEAK-SKIPPED-PREVIEW
PASS RD-NO-LEAK-NEW-CONTEXT
PASS RD-SAME-CONTEXT-STILL-APPLIES
PASS RD-NOTHING-SAVED
PASS RD-NOT-IN-STORAGE
PASS RD-DAMAGE-NEVER-OFFERED
PASS RD-OTHER-KINDS-DEFER-TO-PROVIDER
PASS RD-DAMAGE-NEVER-ARMED
PASS RD-PROVIDER-SCOPE-RESPECTED
PASS RD-FOREIGN-TOGGLE-REFUSED
PASS RD-MANUAL-REAL-DICE
PASS RD-GROUPED
PASS RD-ALL-UNCHECKED
PASS RD-STACK-PROVIDERS
PASS RD-UNREGISTER-DROPS-ARMED
PASS RD-MULTI-REAL-DICE
PASS RD-THROWING-OFFERS-ISOLATED
PASS RD-THROWING-MODIFIERS-ROLL-PROCEEDS
PASS RD-JUNK-OFFERS-FILTERED
PASS RD-JUNK-DELTAS-ZEROED
PASS RD-TEXT-ESCAPED
PASS RD-TEXT-VISIBLE
PASS RD-GEOMETRY-320
PASS RD-GEOMETRY-375
PASS RD-GEOMETRY-768
PASS RD-GEOMETRY-1440
PASS RD-BROWSER-ERRORS

53/53 checks passed
RD4515_QA_RESULT={"passed":53,"total":53,"failed":0}

PASS HV-ENABLED
PASS HV-SCHEMA
PASS HV-PROVIDER-REGISTERED
PASS HV-REGISTRY-SEVEN
PASS HV-OPENS-ON-ADD
PASS HV-BLANK
PASS HV-BLANK-NOT-OFFERED
PASS HV-CONFIG
PASS HV-PRICE-NORMAL
PASS HV-BADGE
PASS HV-PRICE-SPIDER
PASS HV-PRICE-CRAB
PASS HV-PRICE-SCORPION
PASS HV-RECALC-STABLE
PASS HV-SUGGESTS-Scorpion-Clan
PASS HV-SUGGESTS-Spider-Clan
PASS HV-SUGGESTS-Mantis-Clan
PASS HV-SUGGESTS-Brotherhood-of-Shinsei
PASS HV-SUGGESTS-Otomo-family-Imperial-
PASS HV-SUGGESTS-Miya-family-Imperial-
PASS HV-SUGGESTS-Seppun-family-Imperial-
PASS HV-SUGGESTIONS-UNIQUE
PASS HV-LABELLED-INPUT
PASS HV-REJECT-EMPTY
PASS HV-FREE-TEXT
PASS HV-EDIT-PREFILLED
PASS HV-CANCEL-KEEPS
PASS HV-OFFERED-SKILL
PASS HV-OFFERED-TRAIT
PASS HV-OFFERED-RING
PASS HV-OFFERED-MANUAL
PASS HV-NOT-OFFERED-ATTACK
PASS HV-NOT-OFFERED-DAMAGE
PASS HV-NOT-OFFERED-SPELL
PASS HV-NOT-OFFERED-INITIATIVE
PASS HV-ATTACK-PREVIEW-CLEAN
PASS HV-UNTICKED-SKILL
PASS HV-DECLARED-DICE-SKILL
PASS HV-RESULT-NAMES-RIVAL
PASS HV-FRESH-SKILL
PASS HV-UNDECLARED-DICE-SKILL
PASS HV-UNTICKED-TRAIT
PASS HV-DECLARED-DICE-TRAIT
PASS HV-FRESH-TRAIT
PASS HV-UNDECLARED-DICE-TRAIT
PASS HV-UNTICKED-RING
PASS HV-DECLARED-DICE-RING
PASS HV-FRESH-RING
PASS HV-UNDECLARED-DICE-RING
PASS HV-UNTICKED-MANUAL
PASS HV-DECLARED-DICE-MANUAL
PASS HV-FRESH-MANUAL
PASS HV-UNDECLARED-DICE-MANUAL
PASS HV-CANCEL-DISARMS
PASS HV-NO-LEAK
PASS HV-DECLARATION-NOT-SAVED
PASS HV-ONE-OPTION-PER-FACTION
PASS HV-ONCE-PER-ROLL-PREVIEW
PASS HV-ONCE-PER-ROLL-DICE
PASS HV-EXPORT
PASS HV-IMPORT
PASS HV-IMPORT-OFFERS
PASS HV-LOCAL-RELOAD
PASS HV-OLD-SAVE-1
PASS HV-OLD-SAVE-2
PASS HV-OLD-SAVE-3
PASS HV-MINIMAL-IMPORT
PASS HV-INVALID-FUTURE
PASS HV-INVALID-UNKNOWN-FIELD
PASS HV-INVALID-EMPTY
PASS HV-INVALID-OTHER-TYPE
PASS HV-WRONG-SIDE
PASS HV-RENAMED-CLEAN
PASS HV-FOREIGN-RENAME-CLEARS
PASS HV-INFO
PASS HV-ONLY-XP-FIELDS
PASS HV-UNCHANGED-skills
PASS HV-UNCHANGED-traits
PASS HV-UNCHANGED-rings
PASS HV-UNCHANGED-voidCurrent
PASS HV-UNCHANGED-disadv
PASS HV-UNCHANGED-equip
PASS HV-UNCHANGED-weapons
PASS HV-NO-UNDECLARED-MODS
PASS HV-TEXT-SAFE
PASS HV-TEXT-VISIBLE
PASS HV-GEOMETRY-320
PASS HV-GEOMETRY-375
PASS HV-GEOMETRY-768
PASS HV-GEOMETRY-1440
PASS HV-BROWSER-ERRORS

91/91 checks passed
HV4516_QA_RESULT={"passed":91,"total":91,"failed":0}
