PASS T1.1-WARY-OFFERED-UNTICKED
PASS T1.2-POOL-UP-1K1
PASS T1.3-ROLLED-AND-NAMED
PASS T1.4-UNTICKED-AGAIN
PASS T1.5-AWARENESS-NOT-OFFERED
PASS T2.1-PRECISE-MEMORY
PASS T2.2-LORE-NOT-OFFERED
PASS T3.1-COURTIER
PASS T3.2-POOL-UP-2K1
PASS T3.3-TEMPTATION
PASS T3.4-INVESTIGATION-NONE-OF-THREE
PASS T4.1-FOUR-OFFERED
PASS T4.2-BALANCE-NOTE
PASS T4.3-POOL-UP-4K0
PASS T5.1-BALANCE-HIDDEN
PASS T5.2-BALANCE-BACK
PASS T6.1-FREE-RAISE-PREVIEW
PASS T6.2-FREE-RAISE-RESULT
PASS T6.3-RANK-ZERO-NO-LINE
PASS T6.4-COURTIER-NO-LINE
PASS T7.1-AFTER-CANCEL
PASS T7.2-AFTER-RELOAD
PASS T7.3-PLAY-MODE
PASS T7.4-REMOVED
PASS T8.1-HEARTLESS-TEXT
PASS T8.2-CLEAR-THINKER-TEXT
PASS T9-SEVEN-OPTIONS-FIT-390
PASS NO-PAGE-ERRORS
28/28 checks passed
