PASS CONTROL-SEAM
PASS CONTROL-BUTTONS
PASS CONTROL-AMBUSH
PASS CONTROL-PICKER-GREYED
PASS CONTROL-ROW-NOTES
PASS CONTROL-SCRIBE-WITHHELD
PASS CONTROL-NO-ERRORS
PASS ENTRIES-ABSENT-SEAM
PASS ENTRIES-ABSENT-BUTTONS
PASS ENTRIES-ABSENT-AMBUSH
PASS ENTRIES-ABSENT-PICKER-GREYED
PASS ENTRIES-ABSENT-ROW-NOTES
PASS ENTRIES-ABSENT-SCRIBE-WITHHELD
PASS ENTRIES-ABSENT-NO-ERRORS
PASS ENTRIES-OFF-SEAM
PASS ENTRIES-OFF-BUTTONS
PASS ENTRIES-OFF-AMBUSH
PASS ENTRIES-OFF-PICKER-GREYED
PASS ENTRIES-OFF-ROW-NOTES
PASS ENTRIES-OFF-SCRIBE-WITHHELD
PASS ENTRIES-OFF-NO-ERRORS
PASS ROLL-EFFECTS-OFF-SEAM
PASS ROLL-EFFECTS-OFF-BUTTONS
PASS ROLL-EFFECTS-OFF-AMBUSH
PASS ROLL-EFFECTS-OFF-PICKER-GREYED
PASS ROLL-EFFECTS-OFF-ROW-NOTES
PASS ROLL-EFFECTS-OFF-SCRIBE-WITHHELD
PASS ROLL-EFFECTS-OFF-NO-ERRORS
PASS REGISTRY-OFF-SEAM
PASS REGISTRY-OFF-BUTTONS
PASS REGISTRY-OFF-AMBUSH
PASS REGISTRY-OFF-PICKER-GREYED
PASS REGISTRY-OFF-ROW-NOTES
PASS REGISTRY-OFF-SCRIBE-WITHHELD
PASS REGISTRY-OFF-NO-ERRORS
PASS REGISTRY-ABSENT-SEAM
PASS REGISTRY-ABSENT-BUTTONS
PASS REGISTRY-ABSENT-AMBUSH
PASS REGISTRY-ABSENT-PICKER-GREYED
PASS REGISTRY-ABSENT-ROW-NOTES
PASS REGISTRY-ABSENT-SCRIBE-WITHHELD
PASS REGISTRY-ABSENT-NO-ERRORS
PASS PICKER-GATE-OFF-SEAM
PASS PICKER-GATE-OFF-BUTTONS
PASS PICKER-GATE-OFF-AMBUSH
PASS PICKER-GATE-OFF-PICKER-GREYED
PASS PICKER-GATE-OFF-ROW-NOTES
PASS PICKER-GATE-OFF-SCRIBE-WITHHELD
PASS PICKER-GATE-OFF-NO-ERRORS
49/49 checks passed
