PASS SB-SEAM
PASS SB-REGISTRY-STILL-SEVEN
PASS SB-CATALOGUE-HAS-FOUR
PASS SB-ROW-WARY-BUTTON
PASS SB-ROW-MEMORY-BUTTON
PASS SB-ROW-OTHERS-UNTOUCHED
PASS SB-BUTTONS-NAMED-NOT-TITLED
PASS SB-ROW-UNDER-NAME
PASS SB-ROW-NOT-DUPLICATED-BY-RECALC
PASS SB-BUTTONS-USABLE-IN-PLAY
PASS SB-NOTHING-SAVED
PASS SB-ROW-RENAMED-LOSES-BUTTON
PASS SB-DISADVANTAGE-LIST-NO-BUTTON
PASS SB-AMBUSH-WARY-TICKED
PASS SB-AMBUSH-PREVIEW-POOL
PASS SB-AMBUSH-DICE
PASS SB-AMBUSH-TITLE-NAMES-THE-ROLL
PASS SB-AMBUSH-UNTICK-PREVIEW
PASS SB-AMBUSH-UNTICKED-DICE
PASS SB-AMBUSH-TICKED-AGAIN-NEXT-TIME
PASS SB-ORDINARY-INVESTIGATION-NO-WARY
PASS SB-ORDINARY-INVESTIGATION-ROLL
PASS SB-AMBUSH-UNSKILLED-PREVIEW
PASS SB-AMBUSH-UNSKILLED-NO-EXPLOSION
PASS SB-AMBUSH-NOTICE-EMPHASIS-OFFERED
PASS SB-AMBUSH-NO-EMPHASIS-NONE-OFFERED
PASS SB-AMBUSH-CANCEL-NO-CARRY
PASS SB-AMBUSH-CANCEL-NEXT-TITLE
PASS SB-AMBUSH-NEEDS-WARY
PASS SB-AMBUSH-SKIPPED-PREVIEW-STILL-APPLIES
PASS SB-AMBUSH-UNTICKED-NOT-REAPPLIED
PASS SB-AMBUSH-EARLIER-ROLL-RELEASED
PASS SB-AMBUSH-IN-PLAY
PASS SB-RECALL-NO-TICK
PASS SB-RECALL-PREVIEW
PASS SB-RECALL-DICE
PASS SB-RECALL-REROLL-KEEPS-IT
PASS SB-ORDINARY-INTELLIGENCE-NO-MEMORY
PASS SB-ORDINARY-INTELLIGENCE-ROLL
PASS SB-RECALL-TWO-ROWS-ONCE
PASS SB-RECALL-NEEDS-PRECISE-MEMORY
PASS SB-RECALL-IN-PLAY
PASS SB-PICKER-SCRIBE-GREYED
PASS SB-PICKER-SACROSANCT-GREYED
PASS SB-PICKER-OTHERS-UNCHANGED
PASS SB-PICKER-SCRIBE-MET
PASS SB-PICKER-SCRIBE-STATUS-1.9
PASS SB-PICKER-SCRIBE-CALLIGRAPHY-3
PASS SB-PICKER-SCRIBE-HIGHEST-ROW
PASS SB-PICKER-SACROSANCT-HONOR-6
PASS SB-PICKER-SACROSANCT-HONOR-5.9
PASS SB-PICKER-RANK-WHEN-NO-POINTS
PASS SB-PICKER-FOLLOWS-RECALC
PASS SB-ROW-SCRIBE-SAYS-WHY
PASS SB-ROW-SACROSANCT-SAYS-WHY
PASS SB-ROW-KEEPS-ITS-XP
PASS SB-SCRIBE-UNMET-NO-BONUS
PASS SB-ROW-SCRIBE-ONLY-UNMET-PART
PASS SB-SCRIBE-STATUS-ONLY-UNMET-NO-BONUS
PASS SB-ROW-SCRIBE-MET-NO-NOTE
PASS SB-SCRIBE-MET-BONUS-BACK
PASS SB-ROW-SACROSANCT-MET-NO-NOTE
PASS SB-LAYOUT-320
PASS SB-LAYOUT-375
PASS SB-LAYOUT-768
PASS SB-LAYOUT-1440
PASS SB-LAYOUT-BUTTON-COMPACT
PASS SB-LAYOUT-NOTE-GOLD
PASS SB-NO-PAGE-ERRORS

69/69 checks passed
