PASS T1.1-SPOT-AMBUSH-BUTTON
PASS T1.2-WARY-TICKED-POOL-UP
PASS T1.3-TITLED-AND-ROLLED
PASS T1.4-UNTICK-DROPS-1K1
PASS T1.5-ORDINARY-ROLL-NO-WARY
PASS T1.6-NOTICE-EMPHASIS-REROLL
PASS T2.1-RECALL-BUTTON
PASS T2.2-APPLIED-NOT-TICKED
PASS T2.3-ROLLED-AND-NAMED
PASS T2.4-ORDINARY-INTELLIGENCE
PASS T3.1-SCRIBE-GREYED
PASS T3.2-SCRIBE-SELECTABLE
PASS T3.3-FREE-RAISE-LINE
PASS T3.4-ROW-SAYS-WHY
PASS T3.5-NO-RAISE-NO-OFFER
PASS T3.6-BACK
PASS T4.1-SACROSANCT-GREYED
PASS T4.2-SACROSANCT-SELECTABLE
PASS T5.1-BUTTONS-IN-PLAY
PASS T5.2-BOTH-ROLL-IN-PLAY
PASS T6-ROWS-FIT-390
PASS NO-PAGE-ERRORS
22/22 checks passed
