Live page matches expected PWA build byte for byte.
Service worker matches build 60f3125f2149f28b.
PASS SB-SEAM
PASS SB-REGISTRY-STILL-SEVEN
PASS SB-CATALOGUE-HAS-FOUR
PASS SB-ROW-WARY-BUTTON
PASS SB-ROW-MEMORY-BUTTON
PASS SB-ROW-OTHERS-UNTOUCHED
PASS SB-BUTTONS-NAMED-NOT-TITLED
PASS SB-ROW-UNDER-NAME
PASS SB-ROW-NOT-DUPLICATED-BY-RECALC
PASS SB-BUTTONS-USABLE-IN-PLAY
PASS SB-NOTHING-SAVED
PASS SB-ROW-RENAMED-LOSES-BUTTON
PASS SB-DISADVANTAGE-LIST-NO-BUTTON
PASS SB-AMBUSH-NO-TICK
PASS SB-AMBUSH-PREVIEW
PASS SB-AMBUSH-DICE
PASS SB-AMBUSH-TITLE-NAMES-THE-ROLL
PASS SB-AMBUSH-REROLL-KEEPS-IT
PASS SB-AMBUSH-APPLIED-AGAIN-NEXT-TIME
PASS SB-ORDINARY-INVESTIGATION-NO-WARY
PASS SB-ORDINARY-INVESTIGATION-ROLL
PASS SB-AMBUSH-UNSKILLED-PREVIEW
PASS SB-AMBUSH-UNSKILLED-NO-EXPLOSION
PASS SB-AMBUSH-NOTICE-EMPHASIS-OFFERED
PASS SB-AMBUSH-NO-EMPHASIS-NONE-OFFERED
PASS SB-AMBUSH-CANCEL-NO-CARRY
PASS SB-AMBUSH-CANCEL-NEXT-TITLE
PASS SB-AMBUSH-NEEDS-WARY
PASS SB-AMBUSH-SKIPPED-PREVIEW-STILL-APPLIES
PASS SB-UNMARKED-ROLL-NEVER-GETS-WARY
PASS SB-AMBUSH-IN-PLAY
PASS SB-RECALL-NO-TICK
PASS SB-RECALL-PREVIEW
PASS SB-RECALL-DICE
PASS SB-RECALL-REROLL-KEEPS-IT
PASS SB-ORDINARY-INTELLIGENCE-NO-MEMORY
PASS SB-ORDINARY-INTELLIGENCE-ROLL
PASS SB-RECALL-TWO-ROWS-ONCE
PASS SB-RECALL-NEEDS-PRECISE-MEMORY
PASS SB-RECALL-IN-PLAY
PASS SB-PICKER-SCRIBE-GREYED
PASS SB-PICKER-SACROSANCT-GREYED
PASS SB-PICKER-OTHERS-UNCHANGED
PASS SB-PICKER-SCRIBE-MET
PASS SB-PICKER-SCRIBE-STATUS-1.9
PASS SB-PICKER-SCRIBE-CALLIGRAPHY-3
PASS SB-PICKER-SCRIBE-HIGHEST-ROW
PASS SB-PICKER-SACROSANCT-HONOR-6
PASS SB-PICKER-SACROSANCT-HONOR-5.9
PASS SB-PICKER-RANK-WHEN-NO-POINTS
PASS SB-PICKER-FOLLOWS-RECALC
PASS SB-ROW-SCRIBE-SAYS-WHY
PASS SB-ROW-SACROSANCT-SAYS-WHY
PASS SB-ROW-KEEPS-ITS-XP
PASS SB-SCRIBE-UNMET-NO-BONUS
PASS SB-ROW-SCRIBE-ONLY-UNMET-PART
PASS SB-SCRIBE-STATUS-ONLY-UNMET-NO-BONUS
PASS SB-ROW-SCRIBE-MET-NO-NOTE
PASS SB-SCRIBE-MET-BONUS-BACK
PASS SB-ROW-SACROSANCT-MET-NO-NOTE
PASS SB-TYPED-RANK-SHOWS-NOTE
PASS SB-TYPED-RANK-CLEARS-NOTE
PASS SB-TYPED-STATUS-SHOWS-NOTE
PASS SB-TYPED-HONOR-SHOWS-NOTE
PASS SB-LAYOUT-320
PASS SB-LAYOUT-375
PASS SB-LAYOUT-768
PASS SB-LAYOUT-1440
PASS SB-LAYOUT-BUTTON-COMPACT
PASS SB-LAYOUT-NOTE-GOLD
PASS SB-NO-PAGE-ERRORS

71/71 checks passed

PASS SIT-SEAM
PASS SIT-PROVIDER-REGISTERED
PASS SIT-REGISTRY-SEVEN
PASS SIT-CATALOGUE-HAS-NINE
PASS SIT-NOTHING-OFFERED-WITHOUT-ENTRIES
PASS SIT-OFFERS-COURTIER
PASS SIT-OFFERS-ACTING
PASS SIT-OFFERS-ETIQUETTE-WILLPOWER
PASS SIT-OFFERS-PERFORM-SONG
PASS SIT-OFFERS-SINCERITY
PASS SIT-OFFERS-INTIMIDATION
PASS SIT-OFFERS-TEMPTATION
PASS SIT-OFFERS-TEMPTATION-UNSKILLED
PASS SIT-OFFERS-INVESTIGATION-PERCEPTION
PASS SIT-OFFERS-INVESTIGATION-LOWERCASE
PASS SIT-OFFERS-INVESTIGATION-AWARENESS
PASS SIT-OFFERS-CALLIGRAPHY
PASS SIT-OFFERS-LORE
PASS SIT-OFFERS-FULL-DEFENSE
PASS SIT-OFFERS-TRAIT-INTELLIGENCE
PASS SIT-OFFERS-TRAIT-WILLPOWER
PASS SIT-OFFERS-RING-AIR
PASS SIT-OFFERS-MANUAL
PASS SIT-OFFERS-ATTACK
PASS SIT-OFFERS-DAMAGE
PASS SIT-OFFERS-SPELL
PASS SIT-OFFERS-INITIATIVE
PASS SIT-LABELS-STATE-BOOK-POOLS
PASS SIT-LABELS-CITE-SOURCES
PASS SIT-ONLY-OWNED-BALANCE
PASS SIT-ONLY-OWNED-CLEAR-THINKER
PASS SIT-ONLY-OWNED-DANGEROUS-BEAUTY
PASS SIT-ONLY-OWNED-HEARTLESS
PASS SIT-ONLY-OWNED-IMPERIAL-SCRIBE
PASS SIT-ONLY-OWNED-IMPERIAL-SPOUSE
PASS SIT-ONLY-OWNED-IRREPROACHABLE
PASS SIT-ONLY-OWNED-PRECISE-MEMORY
PASS SIT-ONLY-OWNED-WARY
PASS SIT-DISADVANTAGE-LIST-DOES-NOT-COUNT
PASS SIT-DUPLICATE-OFFERED-ONCE
PASS SIT-DUPLICATE-APPLIES-ONCE
PASS SIT-RENAMED-ROW-NOT-OFFERED
PASS SIT-REMOVED-BEFORE-ROLL-NOT-APPLIED
PASS SIT-UNTICKED-BALANCE
PASS SIT-PREVIEW-POOL-BALANCE
PASS SIT-DICE-BALANCE
PASS SIT-FRESH-BALANCE
PASS SIT-UNDECLARED-BALANCE
PASS SIT-UNTICKED-CLEAR-THINKER
PASS SIT-PREVIEW-POOL-CLEAR-THINKER
PASS SIT-DICE-CLEAR-THINKER
PASS SIT-FRESH-CLEAR-THINKER
PASS SIT-UNDECLARED-CLEAR-THINKER
PASS SIT-UNTICKED-DANGEROUS-BEAUTY
PASS SIT-PREVIEW-POOL-DANGEROUS-BEAUTY
PASS SIT-DICE-DANGEROUS-BEAUTY
PASS SIT-FRESH-DANGEROUS-BEAUTY
PASS SIT-UNDECLARED-DANGEROUS-BEAUTY
PASS SIT-UNTICKED-HEARTLESS
PASS SIT-PREVIEW-POOL-HEARTLESS
PASS SIT-DICE-HEARTLESS
PASS SIT-FRESH-HEARTLESS
PASS SIT-UNDECLARED-HEARTLESS
PASS SIT-UNTICKED-IMPERIAL-SCRIBE
PASS SIT-PREVIEW-POOL-IMPERIAL-SCRIBE
PASS SIT-DICE-IMPERIAL-SCRIBE
PASS SIT-FRESH-IMPERIAL-SCRIBE
PASS SIT-UNDECLARED-IMPERIAL-SCRIBE
PASS SIT-UNTICKED-IMPERIAL-SPOUSE
PASS SIT-PREVIEW-POOL-IMPERIAL-SPOUSE
PASS SIT-DICE-IMPERIAL-SPOUSE
PASS SIT-FRESH-IMPERIAL-SPOUSE
PASS SIT-UNDECLARED-IMPERIAL-SPOUSE
PASS SIT-UNTICKED-IRREPROACHABLE
PASS SIT-PREVIEW-POOL-IRREPROACHABLE
PASS SIT-DICE-IRREPROACHABLE
PASS SIT-FRESH-IRREPROACHABLE
PASS SIT-UNDECLARED-IRREPROACHABLE
PASS SIT-CANCEL-DISARMS
PASS SIT-AFTER-CANCEL-UNTICKED
PASS SIT-REROLL-KEEPS-DECLARATION
PASS SIT-NO-LEAK-SKIPPED-PREVIEW
PASS SIT-OLD-ROLL-RELEASED
PASS SIT-NOTHING-SAVED
PASS SIT-RELOADED-UNTICKED
PASS SIT-OFFERED-IN-PLAY
PASS SIT-FOUR-STACK-PREVIEW
PASS SIT-FOUR-STACK-DICE
PASS SIT-STACKS-WITH-HEART-OF-VENGEANCE
PASS SIT-TEN-DICE-RULE-PREVIEW
PASS SIT-TEN-DICE-RULE-DICE
PASS SIT-BALANCE-HIDDEN-WITH-FAILURE-OF-HONOR
PASS SIT-BALANCE-OFFERED-WITH-OTHER-TENET
PASS SIT-BALANCE-OFFERED-UNCONFIGURED-FAILURE
PASS SIT-BALANCE-REMINDS-HONOR-RANK
PASS SIT-FREE-RAISE-CALLIGRAPHY
PASS SIT-FREE-RAISE-NOT-UNSKILLED
PASS SIT-FREE-RAISE-NOT-RANK-ZERO
PASS SIT-FREE-RAISE-NOT-OTHER-SKILL
PASS SIT-FREE-RAISE-NOT-TRAIT
PASS SIT-FREE-RAISE-IN-PREVIEW
PASS SIT-FREE-RAISE-NO-DICE
PASS SIT-FREE-RAISE-NEEDS-SCRIBE
PASS SIT-ROUTE-SKILL-TABLE-WARY
PASS SIT-ROUTE-TRAIT-LABEL-OFFERED
PASS SIT-ROUTE-TRAIT-LABEL-DICE
PASS SIT-ROUTE-UNSKILLED-NO-EXPLOSION
PASS SIT-ROUTE-CRAFTY-LIFTED-TEMPTATION
PASS SIT-ROUTE-GAIJIN-NAME-PRESERVED
PASS SIT-DESC-CLEAR-THINKER
PASS SIT-DESC-HEARTLESS
PASS SIT-DESC-NEW-ROW-USES-TEXT
PASS SIT-GEOMETRY-320
PASS SIT-GEOMETRY-375
PASS SIT-GEOMETRY-768
PASS SIT-GEOMETRY-1440
PASS SIT-NO-PAGE-ERRORS

117/117 checks passed

PASS GATES455-GATE-01 Friendly Kami is disabled for a character with no School
PASS GATES455-GATE-02 Elemental Imbalance is too, in the Disadvantage picker
PASS GATES455-GATE-03 An ungated entry in the same list is untouched
PASS GATES455-GATE-04 Exactly one entry is gated in each list, not a swathe of them
PASS GATES455-SCHOOL-01 A Shugenja School re-enables Friendly Kami
PASS GATES455-SCHOOL-02 …and Elemental Imbalance
PASS GATES455-SCHOOL-03 Clearing the character re-gates it — the gate is live, not build-time
PASS GATES455-IDEMPOTENT-01 Five recalcs leave exactly one reason suffix, not five
PASS GATES455-IDEMPOTENT-02 And the label returns to its exact original text when eligible
PASS GATES455-VERDICT-01 Both surfaces call it ineligible with no School
PASS GATES455-VERDICT-02 Both call it eligible once a Shugenja School is applied
PASS GATES455-SKILL-01 The School’s own Skills lead the list, in order
PASS GATES455-SKILL-02 There were School Skills to lead with in the first place — schoolSkills=["Calligraphy","Lore: Theology","Medicine","Meditation","Spellcraft"]
PASS GATES455-SKILL-03 The rest of the catalogue still follows — listed 45
PASS GATES455-SKILL-04 No Skill is listed twice
PASS GATES455-SKILL-05 The hint explains why a Skill you lack does nothing
PASS GATES455-SKILL-06 And it is set subordinate to the field it explains — {"hint":12,"input":16}
PASS GATES455-VALIDATE-01 A junk Skill name does not become a configured pick —  ✕ Needs a choiceChoose… Choose a Skill; Raises using it are capped by your Skill Rank (or Void Ring, if higher) instead
PASS GATES455-VALIDATE-02 The entry stays flagged as needing a choice —  ✕ Needs a choiceChoose… Choose a Skill; Raises using it are capped by your Skill Rank (or Void Ring, if higher) instead
PASS GATES455-VALIDATE-03 A real Skill from the catalogue is still accepted —  ✕ Skill: Kenjutsu — Raise cap uses Skill Rank or Void, whichever is higherChangeRaise-limit reminder Choose a Skill; Ra
PASS GATES455-HOMEBREW-01 A custom Skill row exists to test against — Lore: Shadowlands Heraldry
PASS GATES455-HOMEBREW-02 The character’s own Skill row leads the list
PASS GATES455-HOMEBREW-03 And it is accepted rather than refused as unknown
PASS GATES455-CARDS-01 A character with no Skills gets the typed field, not an empty list
PASS GATES455-CARDS-02 A Hida Bushi sees exactly their School’s six, then the escape
PASS GATES455-CARDS-03 Each granted Skill is badged as the School’s, and the escape is not
PASS GATES455-CARDS-04 Nothing is pre-ticked, and the typed field starts hidden
PASS GATES455-CARDS-05 Ticking a card sets the value the commit path reads
PASS GATES455-CARDS-06 And it commits as a configured pick
PASS GATES455-CARDS-07 Re-opening pre-ticks the Skill already configured
PASS GATES455-CARDS-08 “Another Skill…” reveals the typed field, cleared
PASS GATES455-CARDS-09 The picker fills the modal and no card overflows at 375px — {"available":291,"listWidth":291,"narrowest":291,"overflowing":0}
PASS GATES455-BONUS-01 Apply School grants the six concrete Skills and skips the choice slot — ["Athletics","Defense","Heavy Weapons","Intimidation","Kenjutsu","Lore: Shadowlands"]
PASS GATES455-BONUS-02 A Bugei Skill the player adds appears in the list — ["Athletics","Defense","Heavy Weapons","Intimidation","Kenjutsu","Lore: Shadowlands","Jiujutsu","Another Skill…"]
PASS GATES455-BONUS-03 And the escape stays last, after it — ["Jiujutsu","Another Skill…"]
PASS GATES455-SCOPE-01 The Languages entry still opens its own configuration — title="Configure Languages"
PASS GATES455-SCOPE-02 And the Skill validator reports itself off that step
PASS GATES455-CONTRACT-01 The phase exports its kill-switch as enabled
PASS GATES455-CONTRACT-02 It gates exactly the two entries it declares
PASS GATES455-REGISTRY-01 The gates leave every registry entry unchanged
PASS GATES455-ERRORS No uncaught browser errors
┌─────────┐
│ (index) │
├─────────┤
└─────────┘

41/41 checks passed
GATES455_QA_RESULT={"total":41,"passed":41,"failed":0}

PASS RD-ENABLED
PASS RD-REGISTRY-SEVEN
PASS RD-NO-PRODUCTION-PROVIDER
PASS RD-EMPTY-NO-BLOCK
PASS RD-EMPTY-UNCHANGED-DICE
PASS RD-REJECT-BAD-ID
PASS RD-REJECT-NO-FUNCTIONS
PASS RD-REGISTER
PASS RD-REPLACE-SAME-ID
PASS RD-UNREGISTER
PASS RD-OFFERED-UNCHECKED
PASS RD-SOURCE-LABEL
PASS RD-NOTE-SHOWN
PASS RD-PREVIEW-BASE
PASS RD-PREVIEW-TICKED
PASS RD-TICK-SURVIVES-RENDER
PASS RD-MODIFIER-ROW
PASS RD-REAL-DICE-DECLARED
PASS RD-RESULT-NAMES-IT
PASS RD-FRESH-NEXT-PREVIEW
PASS RD-REAL-DICE-NEXT-ROLL
PASS RD-UNTICK
PASS RD-REAL-DICE-UNTICKED
PASS RD-ARMED-WHILE-OPEN
PASS RD-CANCEL-DISARMS
PASS RD-ESCAPE-DISARMS
PASS RD-NO-LEAK-SKIPPED-PREVIEW
PASS RD-NO-LEAK-NEW-CONTEXT
PASS RD-SAME-CONTEXT-STILL-APPLIES
PASS RD-NOTHING-SAVED
PASS RD-NOT-IN-STORAGE
PASS RD-DAMAGE-NEVER-OFFERED
PASS RD-OTHER-KINDS-DEFER-TO-PROVIDER
PASS RD-DAMAGE-NEVER-ARMED
PASS RD-PROVIDER-SCOPE-RESPECTED
PASS RD-FOREIGN-TOGGLE-REFUSED
PASS RD-MANUAL-REAL-DICE
PASS RD-GROUPED
PASS RD-ALL-UNCHECKED
PASS RD-STACK-PROVIDERS
PASS RD-UNREGISTER-DROPS-ARMED
PASS RD-MULTI-REAL-DICE
PASS RD-THROWING-OFFERS-ISOLATED
PASS RD-THROWING-MODIFIERS-ROLL-PROCEEDS
PASS RD-JUNK-OFFERS-FILTERED
PASS RD-JUNK-DELTAS-ZEROED
PASS RD-TEXT-ESCAPED
PASS RD-TEXT-VISIBLE
PASS RD-GEOMETRY-320
PASS RD-GEOMETRY-375
PASS RD-GEOMETRY-768
PASS RD-GEOMETRY-1440
PASS RD-BROWSER-ERRORS

53/53 checks passed
RD4515_QA_RESULT={"passed":53,"total":53,"failed":0}
