{
  "root": "C:\\Users\\jcrow\\AppData\\Local\\Temp\\l5r-sit4528-removal-or_h_cb0\\phase0",
  "dry_run": false,
  "removed": [
    "src/sheet/209.9999995-feat-situational-buttons.js",
    "src/css/59.99991-feat-situational-buttons.css"
  ],
  "edited": [
    "src/sheet/210-test-seam-and-init.js",
    "build/manifest.json"
  ],
  "rebuild_sha256": "26eb8d8c1f0c61c015831e5b426010d470d49df1a2d86975f5fc9f3b58fa416f",
  "rebuild_bytes": 3573333
}
Surgical removal complete. Rebuild this scratch copy next.
built  : l5r-character-sheet.html
bytes  : 3573333
lines  : 39874
sha256 : 26eb8d8c1f0c61c015831e5b426010d470d49df1a2d86975f5fc9f3b58fa416f
verify : BYTE-IDENTICAL to the pre-split build
