OK variants release removed: 13/37
OK variants switch off: 13/37
OK variants no stylesheet: 63/69
OK variants Wary still a tick on ordinary rolls: 67/69
OK variants Wary not ticked when Spot ambush opens: 58/69
OK variants Skipped preview loses Wary: 68/69
OK variants Precise Memory still a tick: 67/69
OK variants Recall without its bonus: 64/69
OK variants Scribe Status ignored: 62/65
OK variants Scribe Calligraphy 3 enough: 68/69
OK variants Sacrosanct Honor 5 enough: 62/69
OK variants Status read from Rank only: 68/69
OK variants Picker not greyed: 63/69
OK variants Unqualified Scribe still offered: 67/69
OK variants Unqualified Scribe keeps Free Raise: 67/69
OK variants Buttons take the hidden class: 66/69
OK boundaries Situational Roll Entries with this release: 122/122
OK boundaries Situational Roll Entries retained after removal: 127/127
OK boundaries Registry retained after removal: 53/53
OK boundaries Eligibility gates retained after removal: 41/41
OK boundaries Dependency boundaries: 49/49
ORACLE_JSON {"Buttons take the hidden class": {"failures": ["SB-AMBUSH-EXCEPTION", "SB-BUTTONS-USABLE-IN-PLAY", "SB-RECALL-EXCEPTION"], "passed": 66, "total": 69}, "Picker not greyed": {"failures": ["SB-PICKER-FOLLOWS-RECALC", "SB-PICKER-SACROSANCT-GREYED", "SB-PICKER-SACROSANCT-HONOR-5.9", "SB-PICKER-SCRIBE-CALLIGRAPHY-3", "SB-PICKER-SCRIBE-GREYED", "SB-PICKER-SCRIBE-STATUS-1.9"], "passed": 63, "total": 69}, "Precise Memory still a tick": {"failures": ["SB-ORDINARY-INTELLIGENCE-NO-MEMORY", "SB-RECALL-NO-TICK"], "passed": 67, "total": 69}, "Recall without its bonus": {"failures": ["SB-RECALL-DICE", "SB-RECALL-IN-PLAY", "SB-RECALL-PREVIEW", "SB-RECALL-REROLL-KEEPS-IT", "SB-RECALL-TWO-ROWS-ONCE"], "passed": 64, "total": 69}, "Sacrosanct Honor 5 enough": {"failures": ["SB-LAYOUT-1440", "SB-LAYOUT-320", "SB-LAYOUT-375", "SB-LAYOUT-768", "SB-PICKER-SACROSANCT-GREYED", "SB-PICKER-SACROSANCT-HONOR-5.9", "SB-ROW-SACROSANCT-SAYS-WHY"], "passed": 62, "total": 69}, "Scribe Calligraphy 3 enough": {"failures": ["SB-PICKER-SCRIBE-CALLIGRAPHY-3"], "passed": 68, "total": 69}, "Scribe Status ignored": {"failures": ["SB-GATED-ROWS-EXCEPTION", "SB-PICKER-SCRIBE-STATUS-1.9", "SB-ROW-SCRIBE-SAYS-WHY"], "passed": 62, "total": 65}, "Skipped preview loses Wary": {"failures": ["SB-AMBUSH-SKIPPED-PREVIEW-STILL-APPLIES"], "passed": 68, "total": 69}, "Status read from Rank only": {"failures": ["SB-PICKER-FOLLOWS-RECALC"], "passed": 68, "total": 69}, "Unqualified Scribe keeps Free Raise": {"failures": ["SB-SCRIBE-STATUS-ONLY-UNMET-NO-BONUS", "SB-SCRIBE-UNMET-NO-BONUS"], "passed": 67, "total": 69}, "Unqualified Scribe still offered": {"failures": ["SB-SCRIBE-STATUS-ONLY-UNMET-NO-BONUS", "SB-SCRIBE-UNMET-NO-BONUS"], "passed": 67, "total": 69}, "Wary not ticked when Spot ambush opens": {"failures": ["SB-AMBUSH-DICE", "SB-AMBUSH-IN-PLAY", "SB-AMBUSH-NOTICE-EMPHASIS-OFFERED", "SB-AMBUSH-PREVIEW-POOL", "SB-AMBUSH-TICKED-AGAIN-NEXT-TIME", "SB-AMBUSH-UNSKILLED-NO-EXPLOSION", "SB-AMBUSH-UNSKILLED-PREVIEW", "SB-AMBUSH-UNTICK-PREVIEW", "SB-AMBUSH-UNTICKED-DICE", "SB-AMBUSH-UNTICKED-NOT-REAPPLIED", "SB-AMBUSH-WARY-TICKED"], "passed": 58, "total": 69}, "Wary still a tick on ordinary rolls": {"failures": ["SB-AMBUSH-CANCEL-NO-CARRY", "SB-ORDINARY-INVESTIGATION-NO-WARY"], "passed": 67, "total": 69}, "no stylesheet": {"failures": ["SB-LAYOUT-1440", "SB-LAYOUT-320", "SB-LAYOUT-375", "SB-LAYOUT-768", "SB-LAYOUT-BUTTON-COMPACT", "SB-LAYOUT-NOTE-GOLD"], "passed": 63, "total": 69}, "release removed": {"failures": ["SB-AMBUSH-EXCEPTION", "SB-BUTTONS-NAMED-NOT-TITLED", "SB-BUTTONS-USABLE-IN-PLAY", "SB-GATED-ROWS-EXCEPTION", "SB-LAYOUT-1440", "SB-LAYOUT-320", "SB-LAYOUT-375", "SB-LAYOUT-768", "SB-LAYOUT-EXCEPTION", "SB-PICKER-FOLLOWS-RECALC", "SB-PICKER-SACROSANCT-GREYED", "SB-PICKER-SACROSANCT-HONOR-5.9", "SB-PICKER-SCRIBE-CALLIGRAPHY-3", "SB-PICKER-SCRIBE-GREYED", "SB-PICKER-SCRIBE-STATUS-1.9", "SB-RECALL-EXCEPTION", "SB-ROW-MEMORY-BUTTON", "SB-ROW-NOT-DUPLICATED-BY-RECALC", "SB-ROW-SACROSANCT-SAYS-WHY", "SB-ROW-SCRIBE-SAYS-WHY", "SB-ROW-UNDER-NAME", "SB-ROW-WARY-BUTTON", "SB-SCRIBE-UNMET-NO-BONUS", "SB-SEAM"], "passed": 13, "total": 37}, "switch off": {"failures": ["SB-AMBUSH-EXCEPTION", "SB-BUTTONS-NAMED-NOT-TITLED", "SB-BUTTONS-USABLE-IN-PLAY", "SB-GATED-ROWS-EXCEPTION", "SB-LAYOUT-1440", "SB-LAYOUT-320", "SB-LAYOUT-375", "SB-LAYOUT-768", "SB-LAYOUT-EXCEPTION", "SB-PICKER-FOLLOWS-RECALC", "SB-PICKER-SACROSANCT-GREYED", "SB-PICKER-SACROSANCT-HONOR-5.9", "SB-PICKER-SCRIBE-CALLIGRAPHY-3", "SB-PICKER-SCRIBE-GREYED", "SB-PICKER-SCRIBE-STATUS-1.9", "SB-RECALL-EXCEPTION", "SB-ROW-MEMORY-BUTTON", "SB-ROW-NOT-DUPLICATED-BY-RECALC", "SB-ROW-SACROSANCT-SAYS-WHY", "SB-ROW-SCRIBE-SAYS-WHY", "SB-ROW-UNDER-NAME", "SB-ROW-WARY-BUTTON", "SB-SCRIBE-UNMET-NO-BONUS", "SB-SEAM"], "passed": 13, "total": 37}}
VARIANTS all as expected
