Live page matches expected PWA build byte for byte.
Service worker matches build af43e2270bfbf947.
PASS S14-SEAM
PASS S14-CATEGORY-ORDER
PASS S14-CATEGORY-GROUPS
PASS S14-COUNT-SKILLS
PASS S14-COUNT-ADVANTAGES
PASS S14-COUNT-DISADVANTAGES
PASS S14-COUNT-SCHOOLS
PASS S14-COUNT-ADVANCED
PASS S14-COUNT-PATHS
PASS S14-COUNT-TECHNIQUES
PASS S14-COUNT-KATA
PASS S14-COUNT-KIHO
PASS S14-COUNT-SPELLS
PASS S14-COUNT-WEAPONS
PASS S14-COUNT-CLANS
PASS S14-COUNT-ANCESTORS
PASS S14-EVERY-NAME-FOUND-FIRST
PASS S14-RANK-NAME-FIRST
PASS S14-RANK-TYPE-BEFORE-TEXT
PASS S14-RANK-EXACT
PASS S14-APOSTROPHE-IGNORED
PASS S14-APOSTROPHE-TYPED
PASS S14-ACCENT-IGNORED
PASS S14-CASE-IGNORED
PASS S14-ALL-TERMS
PASS S14-CATEGORY-A-Z
PASS S14-OFFSET-LIMIT
PASS S14-DEFAULT-LIMIT
PASS S14-NO-MATCH
PASS S14-SUMMARY-SHAPE
PASS S14-RECORDS-MATCH-CATALOGUES
PASS S14-PAGES-ONLY-WHERE-HELD
PASS S14-NO-JUNK-VALUES
PASS S14-RECORDS-PLAIN-DATA
PASS S14-GET-RETURNS-COPY
PASS S14-AUDIT-PAGES-COUNT
PASS S14-MENU-ITEMS-MANAGE
PASS S14-OPENS-SEARCH-TAB
PASS S14-HOME-CATEGORIES
PASS S14-INPUT-16PX
PASS S14-TYPING-FILTERS
PASS S14-CLEARED-HOME
PASS S14-CATEGORY-PAGE
PASS S14-SHOW-MORE
PASS S14-CATEGORY-SCOPED
PASS S14-KEYBOARD-CLOSES-FIRST
PASS S14-DETAIL
PASS S14-BACK-RESTORES
PASS S14-ESCAPE-DETAIL-TO-LIST
PASS S14-ESCAPE-CLOSES
PASS S14-MENU-ITEMS-PLAY
PASS S14-STATE-KEPT
PASS S14-UP-TO-HOME
PASS S14-OPEN-API
PASS S14-NO-SIDEWAYS-SCROLL-320
PASS S14-NO-SIDEWAYS-SCROLL-375
PASS S14-NO-SIDEWAYS-SCROLL-390
PASS S14-KEYSTROKE-UNDER-50MS
PASS S14-SHEET-UNCHANGED
PASS S14-STYLED
PASS S14-REGISTER-SOURCE
PASS S14-NO-PAGE-ERRORS

62/62 checks passed

PASS VI-SEAM
PASS VI-CORE-VOID-ORACLE
PASS VI-DAREDEVIL-ATHLETICS
PASS VI-DAREDEVIL-ATHLETICS-EMPHASIS
PASS VI-DAREDEVIL-OTHER-SKILL
PASS VI-DAREDEVIL-TRAIT
PASS VI-DAREDEVIL-NOT-ARMED
PASS VI-TOUCH-SKILL
PASS VI-TOUCH-TRAIT
PASS VI-TOUCH-NOT-DAMAGE
PASS VI-TOUCH-NOT-ARMED
PASS VI-BOTH-NO-STACK
PASS VI-WRONG-LIST-NOTHING
PASS VI-DAREDEVIL-POOL
PASS VI-VOID-OPEN-WITHOUT
PASS VI-MOMOKU-CLOSES-VOID
PASS VI-MOMOKU-PIPS-STAY
PASS VI-MOMOKU-NOTE
PASS VI-QUICK-OUT-OF-COMBAT
PASS VI-QUICK-USE
PASS VI-QUICK-NEXT-ROUND-OPEN
PASS VI-QUICK-ADDS-UP
PASS VI-QUICK-ON-INITIATIVE
PASS VI-QUICK-NOT-ON-SKILLS
PASS VI-QUICK-ROUND-NOTE
PASS VI-QUICK-RESET
PASS VI-QUICK-NEEDS-ROW
PASS VI-LEAD-OUT-OF-COMBAT
PASS VI-LEAD-ROLL
PASS VI-LEAD-ONCE-A-ROUND
PASS VI-LEAD-NOTHING-ON-SELF
PASS VI-TOUCH-ROW
PASS VI-TOUCH-CHECK-TN30
PASS VI-TOUCH-AUTO-AFTER-THE-ROLL
PASS VI-TOUCH-CANCEL-NO-CHECK
PASS VI-TOUCH-CARD-AT-ONCE
PASS VI-TOUCH-ARMED-WAITS-FOR-ITS-ROLL
PASS VI-TOUCH-TWO-SPENDS-TWO-CHECKS
PASS VI-TOUCH-ONLY-ITS-OWN-LIST
PASS VI-PLAY-MODE
PASS VI-STYLED
PASS VI-ROW-LAYOUT-320
PASS VI-NOTHING-SAVED
PASS VI-NO-PAGE-ERRORS

44/44 checks passed

PASS TB-CHARACTERS-STRUCTURE
PASS TB-CHARACTERS-BAR-STAYS
PASS TB-CHARACTERS-FILLS
PASS TB-LIBRARY-STRUCTURE
PASS TB-LIBRARY-BAR-STAYS
PASS TB-LIBRARY-FILLS
PASS TB-SEARCH-HOME-STRUCTURE
PASS TB-SEARCH-HOME-BAR-STAYS
PASS TB-SEARCH-HOME-FILLS
PASS TB-SKILLS-STRUCTURE
PASS TB-SKILLS-BAR-STAYS
PASS TB-SKILLS-FILLS
PASS TB-PATHS-STRUCTURE
PASS TB-PATHS-BAR-STAYS
PASS TB-PATHS-FILLS
PASS TB-ANCESTOR-STRUCTURE
PASS TB-ANCESTOR-BAR-STAYS
PASS TB-ANCESTOR-FILLS
PASS TB-SPELL-STRUCTURE
PASS TB-SPELL-BAR-STAYS
PASS TB-SPELL-FILLS
PASS TB-COLUMN-RULE-FOUND
PASS TB-COLUMN-1280
PASS TB-COLUMN-390
PASS TB-NO-SIDEWAYS-SCROLL-320
PASS TB-NO-SIDEWAYS-SCROLL-375
PASS TB-NO-SIDEWAYS-SCROLL-390
PASS TB-SEARCH-BACK-RESTORES
PASS TB-SEARCH-RETURNS
PASS TB-NO-PAGE-ERRORS

30/30 checks passed

PASS IS-SEAM
PASS IS-NONE-YET
PASS IS-ROLL-RECORDS
PASS IS-REKEPT-DICE-FOLLOWED
PASS IS-RESET-CLEARS
PASS IS-QUICK-ROW-BEFORE
PASS IS-QUICK-ADDS
PASS IS-QUICK-ADDS-UP
PASS IS-NO-DOUBLE-COUNT
PASS IS-VOID-AFTER-THE-ROLL
PASS IS-CENTER-ONLY-ITS-ROUND
PASS IS-TYPED-TOTAL
PASS IS-TYPED-EMPTY-REFUSED
PASS IS-INPUT-16PX
PASS IS-STYLED
PASS IS-FITS-320
PASS IS-FITS-390
PASS IS-NOTHING-SAVED
PASS IS-PLAY-VISIBLE
PASS IS-NO-PAGE-ERRORS

20/20 checks passed

PASS AB-SEAM
PASS AB-SECTIONS
PASS AB-BAR-ITEMS
PASS AB-PLACE
PASS AB-NOT-IN-A-SCROLLER
PASS AB-ON-SHEET
PASS AB-TO-CHARACTERS
PASS AB-TO-LIBRARY
PASS AB-TO-SEARCH
PASS AB-TO-SHEET
PASS AB-CHANGE-NOTICES
PASS AB-ESCAPE-FOLLOWED
PASS AB-SEARCH-RETURNS
PASS AB-DUPLICATES-HIDDEN
PASS AB-NO-OVERLAP-PLAY
PASS AB-NO-OVERLAP-MANAGEMENT
PASS AB-CHARACTERS-LEAVES-ROOM
PASS AB-QUICK-ACCESS-CLEAR
PASS AB-MODALS-ABOVE
PASS AB-PRINT-HIDDEN
PASS AB-FITS-320
PASS AB-FITS-375
PASS AB-FITS-390
PASS AB-SHEET-UNCHANGED
PASS AB-NO-PAGE-ERRORS

25/25 checks passed

PASS AB-DEP-CONTROL
PASS AB-DEP-CONTROL-NO-PAGE-ERRORS
PASS AB-DEP-BAR-OFF
PASS AB-DEP-BAR-OFF-NO-PAGE-ERRORS
PASS AB-DEP-NAV-OFF
PASS AB-DEP-NAV-OFF-NO-PAGE-ERRORS
PASS AB-DEP-CHARACTERS-OFF
PASS AB-DEP-CHARACTERS-OFF-NO-PAGE-ERRORS
PASS AB-DEP-MENU-OFF
PASS AB-DEP-MENU-OFF-NO-PAGE-ERRORS
PASS AB-DEP-SEARCH-PAGE-OFF
PASS AB-DEP-SEARCH-PAGE-OFF-NO-PAGE-ERRORS
PASS AB-DEP-SEARCH-OFF
PASS AB-DEP-SEARCH-OFF-NO-PAGE-ERRORS

14/14 checks passed
