Live page matches expected PWA build byte for byte.
Service worker matches build b7ad7044c9249e0a.
PASS AE-SEAM
PASS AE-REGISTRY-STILL-SEVEN
PASS AE-CATALOGUE
PASS AE-NOTHING-WITHOUT-ENTRIES
PASS AE-SILENT-STEALTH
PASS AE-SILENT-STEALTH-EMPHASIS-NAME
PASS AE-SILENT-NOT-OTHER-SKILL
PASS AE-SILENT-NOT-DAMAGE
PASS AE-PRODIGY-EVERY-SCHOOL-SKILL
PASS AE-PRODIGY-ATTACK-WITH-SCHOOL-SKILL
PASS AE-PRODIGY-NOT-OTHER-SKILL
PASS AE-PRODIGY-NOT-DAMAGE
PASS AE-PRODIGY-TICKED-SCHOOL-ROW
PASS AE-PRODIGY-NO-SCHOOL-NOTHING
PASS AE-VOICE-SONG-ORATORY-STORYTELLING
PASS AE-VOICE-NOT-OTHER-PERFORM
PASS AE-EYESIGHT-RANGED-ATTACK
PASS AE-EYESIGHT-NOT-MELEE
PASS AE-EYESIGHT-PERCEPTION-TRAIT
PASS AE-EYESIGHT-PERCEPTION-SKILL
PASS AE-EYESIGHT-SPOT-AMBUSH
PASS AE-EYESIGHT-NOT-OTHER-TRAIT
PASS AE-EYESIGHT-RANGED-PERCEPTION-ONCE
PASS AE-EYESIGHT-NOT-DAMAGE
PASS AE-COUNTENANCE-SEVEN-SOCIAL
PASS AE-COUNTENANCE-NOT-ARTISAN
PASS AE-ANACHRONISM-ARTISAN-CRAFT-SOCIAL
PASS AE-ANACHRONISM-NOT-OTHER
PASS AE-TN-NOTE-SAYS-TN
PASS AE-WRONG-LIST-DOES-NOT-COUNT
PASS AE-DUPLICATE-APPLIES-ONCE
PASS AE-DIFFERENT-ENTRIES-STACK
PASS AE-RENAMED-DOES-NOT-COUNT
PASS AE-DICE-SILENT
PASS AE-DICE-COUNTENANCE-TOTAL
PASS AE-ROUTE-SKILL-TABLE
PASS AE-ROW-ANACHRONISM-ONLY
PASS AE-ROW-RENAMED-LOSES-LINE
PASS AE-NOTHING-SAVED
PASS AE-ROW-LAYOUT-320
PASS AE-NO-PAGE-ERRORS

41/41 checks passed

PASS WE-SEAM
PASS WE-REGISTRY-STILL-SEVEN
PASS WE-CATALOGUE
PASS WE-CONTRACT-ADAPTERS-INSTALLED
PASS WE-CONTRACT-THRESHOLDS-SHAPE
PASS WE-CONTRACT-PENALTY-SIGNED-NUMBER
PASS WE-CONTRACT-FORMAT-READS-PEN
PASS WE-CONTRACT-BOOK-SIZES
PASS WE-IDENTITY-NONE
PASS WE-IDENTITY-ON-THE-WRONG-LISTS
PASS WE-IDENTITY-RENAMED
PASS WE-IDENTITY-NO-ROW-LINES
PASS WE-IDENTITY-NO-ROLL-LINE
PASS WE-STRENGTH-EVERY-LEVEL
PASS WE-LOW-PAIN-EVERY-LEVEL
PASS WE-BOTH-EVERY-LEVEL
PASS WE-DUPLICATE-ROWS-COUNT-ONCE
PASS WE-BOOK-ANCHORS
PASS WE-STRENGTH-NEVER-BELOW-NONE
PASS WE-LOW-PAIN-NOT-ON-NONE
PASS WE-BAD-HEALTH-EARTH-ONE-LOWER
PASS WE-PERMANENT-HEALTHY-ALWAYS-FULL
PASS WE-BAD-HEALTH-AND-PERMANENT
PASS WE-PERMANENT-FIRST-WOUND-NICKED
PASS WE-BAD-HEALTH-LEVEL-SHOWN
PASS WE-STEPPER-STOPS-AT-NEW-MAX
PASS WE-DISPLAY-SUMMARY
PASS WE-DISPLAY-QUICK-ACCESS-MIRRORS
PASS WE-DISPLAY-SEGMENT-AND-POPUP
PASS WE-DISPLAY-CANCELLED-READS-NONE
PASS WE-DISPLAY-HEALTHY-AND-OUT-UNTOUCHED
PASS WE-DISPLAY-BOTH-NAMED
PASS WE-ROLL-GRAZED-STRENGTH
PASS WE-ROLL-NICKED-CANCELLED-STILL-EXPLAINED
PASS WE-ROLL-DAMAGE-UNTOUCHED
PASS WE-ROLL-LOW-PAIN
PASS WE-ROLL-REAL-DICE-TOTAL
PASS WE-ROW-LINES
PASS WE-ROW-BAD-HEALTH-FOLLOWS-EARTH
PASS WE-ROW-RENAMED-LOSES-LINE
PASS WE-NOTHING-SAVED
PASS WE-ROW-LINES-IN-PLAY
PASS WE-LAYOUT-320
PASS WE-LAYOUT-768
PASS WE-NO-PAGE-ERRORS

45/45 checks passed

PASS SB-SEAM
PASS SB-REGISTRY-STILL-SEVEN
PASS SB-CATALOGUE-HAS-FOUR
PASS SB-ROW-WARY-BUTTON
PASS SB-ROW-MEMORY-BUTTON
PASS SB-ROW-OTHERS-UNTOUCHED
PASS SB-BUTTONS-NAMED-NOT-TITLED
PASS SB-ROW-UNDER-NAME
PASS SB-ROW-NOT-DUPLICATED-BY-RECALC
PASS SB-BUTTONS-USABLE-IN-PLAY
PASS SB-NOTHING-SAVED
PASS SB-ROW-RENAMED-LOSES-BUTTON
PASS SB-DISADVANTAGE-LIST-NO-BUTTON
PASS SB-AMBUSH-NO-TICK
PASS SB-AMBUSH-PREVIEW
PASS SB-AMBUSH-DICE
PASS SB-AMBUSH-TITLE-NAMES-THE-ROLL
PASS SB-AMBUSH-REROLL-KEEPS-IT
PASS SB-AMBUSH-APPLIED-AGAIN-NEXT-TIME
PASS SB-ORDINARY-INVESTIGATION-NO-WARY
PASS SB-ORDINARY-INVESTIGATION-ROLL
PASS SB-AMBUSH-UNSKILLED-PREVIEW
PASS SB-AMBUSH-UNSKILLED-NO-EXPLOSION
PASS SB-AMBUSH-NOTICE-EMPHASIS-OFFERED
PASS SB-AMBUSH-NO-EMPHASIS-NONE-OFFERED
PASS SB-AMBUSH-CANCEL-NO-CARRY
PASS SB-AMBUSH-CANCEL-NEXT-TITLE
PASS SB-AMBUSH-NEEDS-WARY
PASS SB-AMBUSH-SKIPPED-PREVIEW-STILL-APPLIES
PASS SB-UNMARKED-ROLL-NEVER-GETS-WARY
PASS SB-AMBUSH-IN-PLAY
PASS SB-RECALL-NO-TICK
PASS SB-RECALL-PREVIEW
PASS SB-RECALL-DICE
PASS SB-RECALL-REROLL-KEEPS-IT
PASS SB-ORDINARY-INTELLIGENCE-NO-MEMORY
PASS SB-ORDINARY-INTELLIGENCE-ROLL
PASS SB-RECALL-TWO-ROWS-ONCE
PASS SB-RECALL-NEEDS-PRECISE-MEMORY
PASS SB-RECALL-IN-PLAY
PASS SB-PICKER-SCRIBE-GREYED
PASS SB-PICKER-SACROSANCT-GREYED
PASS SB-PICKER-OTHERS-UNCHANGED
PASS SB-PICKER-SCRIBE-MET
PASS SB-PICKER-SCRIBE-STATUS-1.9
PASS SB-PICKER-SCRIBE-CALLIGRAPHY-3
PASS SB-PICKER-SCRIBE-HIGHEST-ROW
PASS SB-PICKER-SACROSANCT-HONOR-6
PASS SB-PICKER-SACROSANCT-HONOR-5.9
PASS SB-PICKER-RANK-WHEN-NO-POINTS
PASS SB-PICKER-FOLLOWS-RECALC
PASS SB-ROW-SCRIBE-SAYS-WHY
PASS SB-ROW-SACROSANCT-SAYS-WHY
PASS SB-ROW-KEEPS-ITS-XP
PASS SB-SCRIBE-UNMET-NO-BONUS
PASS SB-ROW-SCRIBE-ONLY-UNMET-PART
PASS SB-SCRIBE-STATUS-ONLY-UNMET-NO-BONUS
PASS SB-ROW-SCRIBE-MET-NO-NOTE
PASS SB-SCRIBE-MET-BONUS-BACK
PASS SB-ROW-SACROSANCT-MET-NO-NOTE
PASS SB-TYPED-RANK-SHOWS-NOTE
PASS SB-TYPED-RANK-CLEARS-NOTE
PASS SB-TYPED-STATUS-SHOWS-NOTE
PASS SB-TYPED-HONOR-SHOWS-NOTE
PASS SB-LAYOUT-320
PASS SB-LAYOUT-375
PASS SB-LAYOUT-768
PASS SB-LAYOUT-1440
PASS SB-LAYOUT-BUTTON-COMPACT
PASS SB-LAYOUT-NOTE-GOLD
PASS SB-NO-PAGE-ERRORS

71/71 checks passed
