OK variants release removed: 19/41
OK variants switch off: 19/41
OK variants no stylesheet: 40/41
OK variants Silent on every Skill: 39/41
OK variants Prodigy skips attacks: 40/41
OK variants Prodigy ignores ticked School rows: 40/41
OK variants Voice without Storytelling: 40/41
OK variants Voice at +1k0: 39/41
OK variants Bad Eyesight on every attack: 40/41
OK variants Bad Eyesight ignores Perception: 38/41
OK variants Countenance on Artisan too: 40/41
OK variants Anachronism misses Craft: 40/41
OK variants TN reported as +5: 38/41
OK variants Damage guards removed and ranged widened to damage: 40/41
OK variants Entries counted on any list: 40/41
OK variants Anachronism row missing: 39/41
OK boundaries Wound entries with this release: 45/45
OK boundaries Wound entries retained after removal: 45/45
OK boundaries Dependency boundaries: 24/24
VARIANTS all as expected
