PASS CONTROL-HELPER
PASS CONTROL-ACTIVE
PASS CONTROL-VALIDATOR
PASS CONTROL-ENTRY
PASS CONTROL-NO-ERRORS
PASS PARAGON-OFF-HELPER
PASS PARAGON-OFF-ACTIVE
PASS PARAGON-OFF-VALIDATOR
PASS PARAGON-OFF-ENTRY
PASS PARAGON-OFF-NO-ERRORS
PASS PARAGON-ABSENT-HELPER
PASS PARAGON-ABSENT-ACTIVE
PASS PARAGON-ABSENT-VALIDATOR
PASS PARAGON-ABSENT-ENTRY
PASS PARAGON-ABSENT-NO-ERRORS
PASS CONFIG-OFF-HELPER
PASS CONFIG-OFF-ACTIVE
PASS CONFIG-OFF-VALIDATOR
PASS CONFIG-OFF-ENTRY
PASS CONFIG-OFF-NO-ERRORS
PASS CORE-OFF-HELPER
PASS CORE-OFF-ACTIVE
PASS CORE-OFF-VALIDATOR
PASS CORE-OFF-ENTRY
PASS CORE-OFF-NO-ERRORS
PASS CORE-ABSENT-HELPER
PASS CORE-ABSENT-ACTIVE
PASS CORE-ABSENT-VALIDATOR
PASS CORE-ABSENT-ENTRY
PASS CORE-ABSENT-NO-ERRORS
PASS SUPPLEMENT-OFF-HELPER
PASS SUPPLEMENT-OFF-ACTIVE
PASS SUPPLEMENT-OFF-VALIDATOR
PASS SUPPLEMENT-OFF-ENTRY
PASS SUPPLEMENT-OFF-NO-ERRORS
PASS SUPPLEMENT-ABSENT-HELPER
PASS SUPPLEMENT-ABSENT-ACTIVE
PASS SUPPLEMENT-ABSENT-VALIDATOR
PASS SUPPLEMENT-ABSENT-ENTRY
PASS SUPPLEMENT-ABSENT-NO-ERRORS
40/40 checks passed
