PASS PG47-CAPABILITY
PASS PG47-NO-PARAGON
PASS PG47-UNCONFIGURED
PASS PG47-UNCONFIGURED-PICKER
PASS PG47-UNCONFIGURED-DIRECT-ENTRY
PASS PG47-VALID-Compassion
PASS PG47-VALID-Courage
PASS PG47-VALID-Courtesy
PASS PG47-VALID-Duty
PASS PG47-VALID-Honesty
PASS PG47-VALID-Honor
PASS PG47-VALID-Sincerity
PASS PG47-INVALID-empty
PASS PG47-INVALID-wrongType
PASS PG47-INVALID-wrongRevision
PASS PG47-INVALID-unknownTenet
PASS PG47-INVALID-extraKey
PASS PG47-INVALID-array
PASS PG47-INVALID-null
PASS PG47-BAD-JSON
PASS PG47-DISADVANTAGE-DOES-NOT-COUNT
PASS PG47-WRONG-NAME-DOES-NOT-COUNT
PASS PG47-ONE-VALID-ROW-SUFFICES
PASS PG47-PREREQUISITES-STILL-APPLY
PASS PG47-OTHER-SCHOOL-UNAFFECTED
PASS PG47-OPEN-MODAL
PASS PG47-CANCEL-STILL-BLOCKED
PASS PG47-CONFIRMED-PICKER
PASS PG47-BEGIN-ENABLED
PASS PG47-ENTRY-RANK-ZERO
PASS PG47-EXISTING-ENROLLMENT-PRESERVED
PASS PG47-NO-PAGE-ERRORS
32/32 checks passed
