PASS BASIC-CAPABILITY
PASS BASIC-SCOUT-RESOLVES
PASS BASIC-PATH-RESOLUTION
PASS BASIC-TECHNIQUE-CLASH-CHECK
PASS BASIC-SCOUT-PATHS-UNLOCKED
PASS BASIC-RONIN-PATH-PRESERVED
PASS BASIC-YOTSU-DISTINCT-TEXT
PASS BASIC-PICKER-SCOUT
PASS BASIC-BENEFIT-SCOUT
PASS BASIC-HONOR-SCOUT
PASS BASIC-SKILLS-SCOUT
PASS BASIC-FREE-RANKS-SCOUT
PASS BASIC-EMPHASIS-SCOUT
PASS BASIC-NO-DUPLICATE-GRANTS-SCOUT
PASS BASIC-FIVE-RANKS-SCOUT
PASS BASIC-TECH-COUNT-SCOUT
PASS BASIC-REFERENCES-SCOUT
PASS BASIC-SAVE-SCHOOL-SCOUT
PASS BASIC-SAVE-NO-DUPLICATE-TECH-SCOUT
PASS BASIC-PICKER-YOTSU
PASS BASIC-BENEFIT-YOTSU
PASS BASIC-HONOR-YOTSU
PASS BASIC-SKILLS-YOTSU
PASS BASIC-FREE-RANKS-YOTSU
PASS BASIC-EMPHASIS-YOTSU
PASS BASIC-NO-DUPLICATE-GRANTS-YOTSU
PASS BASIC-FIVE-RANKS-YOTSU
PASS BASIC-TECH-COUNT-YOTSU
PASS BASIC-REFERENCES-YOTSU
PASS BASIC-SAVE-SCHOOL-YOTSU
PASS BASIC-SAVE-NO-DUPLICATE-TECH-YOTSU
PASS BASIC-YOTSU-LORE-CHOICES
PASS BASIC-YOTSU-TWO-FREE-SLOTS
PASS BASIC-YOTSU-ADD-LORE-Gaijin
PASS BASIC-YOTSU-ADD-LORE-Shadowlands
PASS BASIC-TIGER-FAMILY
PASS BASIC-SCOUT-NO-INVENTED-OUTFIT
PASS BASIC-NO-PAGE-ERRORS
38/38 checks passed
