PASS SUP-CAPABILITY-14-SCHOOLS
PASS SUP-CATALOGUE-CLEAN
PASS SUP-CATALOGUE-TOTAL
PASS SUP-QUALIFIES-minor-clan-defender
PASS SUP-THRESHOLD-minor-clan-defender-Agility
PASS SUP-BELOW-minor-clan-defender-Agility
PASS SUP-THRESHOLD-minor-clan-defender-Strength
PASS SUP-BELOW-minor-clan-defender-Strength
PASS SUP-PROGRESSION-SAVE-minor-clan-defender
PASS SUP-QUALIFIES-imperial-scion
PASS SUP-THRESHOLD-imperial-scion-Awareness
PASS SUP-BELOW-imperial-scion-Awareness
PASS SUP-THRESHOLD-imperial-scion-Perception
PASS SUP-BELOW-imperial-scion-Perception
PASS SUP-THRESHOLD-imperial-scion-Courtier
PASS SUP-BELOW-imperial-scion-Courtier
PASS SUP-THRESHOLD-imperial-scion-Etiquette
PASS SUP-BELOW-imperial-scion-Etiquette
PASS SUP-PROGRESSION-SAVE-imperial-scion
PASS SUP-QUALIFIES-kobune-captain
PASS SUP-THRESHOLD-kobune-captain-Water
PASS SUP-BELOW-kobune-captain-Water
PASS SUP-THRESHOLD-kobune-captain-Commerce
PASS SUP-BELOW-kobune-captain-Commerce
PASS SUP-THRESHOLD-kobune-captain-Knives
PASS SUP-BELOW-kobune-captain-Knives
PASS SUP-THRESHOLD-kobune-captain-Sailing
PASS SUP-BELOW-kobune-captain-Sailing
PASS SUP-PROGRESSION-SAVE-kobune-captain
PASS SUP-QUALIFIES-dark-paragons
PASS SUP-THRESHOLD-dark-paragons-Lore: Theology
PASS SUP-BELOW-dark-paragons-Lore: Theology
PASS SUP-PROGRESSION-SAVE-dark-paragons
PASS SUP-QUALIFIES-kolat-assassin
PASS SUP-THRESHOLD-kolat-assassin-Agility
PASS SUP-BELOW-kolat-assassin-Agility
PASS SUP-THRESHOLD-kolat-assassin-Reflexes
PASS SUP-BELOW-kolat-assassin-Reflexes
PASS SUP-THRESHOLD-kolat-assassin-Acting
PASS SUP-BELOW-kolat-assassin-Acting
PASS SUP-THRESHOLD-kolat-assassin-Knives
PASS SUP-BELOW-kolat-assassin-Knives
PASS SUP-THRESHOLD-kolat-assassin-Stealth
PASS SUP-BELOW-kolat-assassin-Stealth
PASS SUP-PROGRESSION-SAVE-kolat-assassin
PASS SUP-QUALIFIES-legion-of-two-thousand
PASS SUP-THRESHOLD-legion-of-two-thousand-Fire
PASS SUP-BELOW-legion-of-two-thousand-Fire
PASS SUP-THRESHOLD-legion-of-two-thousand-Water
PASS SUP-BELOW-legion-of-two-thousand-Water
PASS SUP-THRESHOLD-legion-of-two-thousand-Battle
PASS SUP-BELOW-legion-of-two-thousand-Battle
PASS SUP-THRESHOLD-legion-of-two-thousand-Defense
PASS SUP-BELOW-legion-of-two-thousand-Defense
PASS SUP-THRESHOLD-legion-of-two-thousand-Kenjutsu
PASS SUP-BELOW-legion-of-two-thousand-Kenjutsu
PASS SUP-PROGRESSION-SAVE-legion-of-two-thousand
PASS SUP-QUALIFIES-disciples-of-sun-tao
PASS SUP-THRESHOLD-disciples-of-sun-tao-Fire
PASS SUP-BELOW-disciples-of-sun-tao-Fire
PASS SUP-THRESHOLD-disciples-of-sun-tao-Water
PASS SUP-BELOW-disciples-of-sun-tao-Water
PASS SUP-THRESHOLD-disciples-of-sun-tao-Battle
PASS SUP-BELOW-disciples-of-sun-tao-Battle
PASS SUP-PROGRESSION-SAVE-disciples-of-sun-tao
PASS SUP-QUALIFIES-children-of-doji
PASS SUP-THRESHOLD-children-of-doji-Awareness
PASS SUP-BELOW-children-of-doji-Awareness
PASS SUP-THRESHOLD-children-of-doji-Void
PASS SUP-BELOW-children-of-doji-Void
PASS SUP-THRESHOLD-children-of-doji-Courtier
PASS SUP-BELOW-children-of-doji-Courtier
PASS SUP-THRESHOLD-children-of-doji-Etiquette
PASS SUP-BELOW-children-of-doji-Etiquette
PASS SUP-THRESHOLD-children-of-doji-Sincerity
PASS SUP-BELOW-children-of-doji-Sincerity
PASS SUP-PROGRESSION-SAVE-children-of-doji
PASS SUP-QUALIFIES-kakita-master-artisan
PASS SUP-THRESHOLD-kakita-master-artisan-Awareness
PASS SUP-BELOW-kakita-master-artisan-Awareness
PASS SUP-THRESHOLD-kakita-master-artisan-Void
PASS SUP-BELOW-kakita-master-artisan-Void
PASS SUP-PROGRESSION-SAVE-kakita-master-artisan
PASS SUP-QUALIFIES-mirumoto-master-sensei
PASS SUP-THRESHOLD-mirumoto-master-sensei-Air
PASS SUP-BELOW-mirumoto-master-sensei-Air
PASS SUP-THRESHOLD-mirumoto-master-sensei-Earth
PASS SUP-BELOW-mirumoto-master-sensei-Earth
PASS SUP-THRESHOLD-mirumoto-master-sensei-Void
PASS SUP-BELOW-mirumoto-master-sensei-Void
PASS SUP-THRESHOLD-mirumoto-master-sensei-Kenjutsu
PASS SUP-BELOW-mirumoto-master-sensei-Kenjutsu
PASS SUP-THRESHOLD-mirumoto-master-sensei-Meditation
PASS SUP-BELOW-mirumoto-master-sensei-Meditation
PASS SUP-PROGRESSION-SAVE-mirumoto-master-sensei
PASS SUP-QUALIFIES-tamori-master-of-the-mountain
PASS SUP-THRESHOLD-tamori-master-of-the-mountain-Spellcraft
PASS SUP-BELOW-tamori-master-of-the-mountain-Spellcraft
PASS SUP-PROGRESSION-SAVE-tamori-master-of-the-mountain
PASS SUP-QUALIFIES-akodo-tactical-master
PASS SUP-THRESHOLD-akodo-tactical-master-Water
PASS SUP-BELOW-akodo-tactical-master-Water
PASS SUP-THRESHOLD-akodo-tactical-master-Intelligence
PASS SUP-BELOW-akodo-tactical-master-Intelligence
PASS SUP-THRESHOLD-akodo-tactical-master-Battle
PASS SUP-BELOW-akodo-tactical-master-Battle
PASS SUP-PROGRESSION-SAVE-akodo-tactical-master
PASS SUP-QUALIFIES-asako-inquisitors
PASS SUP-THRESHOLD-asako-inquisitors-Void
PASS SUP-BELOW-asako-inquisitors-Void
PASS SUP-THRESHOLD-asako-inquisitors-Lore: Law
PASS SUP-BELOW-asako-inquisitors-Lore: Law
PASS SUP-THRESHOLD-asako-inquisitors-Lore: Shugenja
PASS SUP-BELOW-asako-inquisitors-Lore: Shugenja
PASS SUP-PROGRESSION-SAVE-asako-inquisitors
PASS SUP-FRINGE-minor-applied-not-picker
PASS SUP-FRINGE-imperial-status
PASS SUP-FRINGE-imperial-membership
PASS SUP-FRINGE-leadership-required
PASS SUP-FRINGE-paragon-required
PASS SUP-FRINGE-dark-paragon-required
PASS SUP-FRINGE-any-trait-five
PASS SUP-FRINGE-taint-blocks-assassin
PASS SUP-FRINGE-taint-blocks-inquisitor
PASS SUP-FRINGE-sensei-not-brash
PASS SUP-FRINGE-sensei-not-proud
PASS SUP-FRINGE-art-potential-required
PASS SUP-FRINGE-art-potential-matches
PASS SUP-FRINGE-prodigy-required-non-artisan
PASS SUP-FRINGE-crane-required-non-artisan
PASS SUP-FRINGE-four-allies-required
PASS SUP-FRINGE-devotion-four-required
PASS SUP-FRINGE-inquisitor-wrong-weapon
PASS SUP-FRINGE-sun-tao-emphasis
PASS SUP-FRINGE-akodo-emphasis
PASS SUP-FRINGE-akodo-either-game
PASS SUP-FRINGE-tamori-three-distinct-rings
PASS SUP-FRINGE-inquisitor-two-other-rings
PASS SUP-NEZUMI-RECORDED-ONLY
PASS SUP-NARRATIVE-CANNOT-BYPASS
PASS SUP-HONOR-EXACT-dark-paragons
PASS SUP-HONOR-BELOW-dark-paragons
PASS SUP-HONOR-EXACT-legion-of-two-thousand
PASS SUP-HONOR-BELOW-legion-of-two-thousand
PASS SUP-HONOR-EXACT-children-of-doji
PASS SUP-HONOR-BELOW-children-of-doji
PASS SUP-INQUISITOR-AFFINITY-ROUTE
PASS SUP-INQUISITOR-NO-CASTING-NO-WEAPON
PASS SUP-INQUISITOR-VOID-REQUIRES-ISHIKEN
PASS SUP-INQUISITOR-VOID-WITH-ISHIKEN
PASS SUP-INQUISITOR-HELD-SHUGENJA
PASS SUP-KAKITA-TRAINED-ALTERNATIVE
PASS SUP-KAKITA-RANK-ZERO-IS-NOT-TRAINED
PASS SUP-TAMORI-EXACT-PATTERN
PASS SUP-WEAPONS-DUPLICATES-DONT-COUNT
PASS SUP-NO-PAGE-ERRORS
156/156 checks passed
