PASS DEP-CONTROL-FLAGS
PASS DEP-CONTROL-SCOUT-PICKER
PASS DEP-CONTROL-SCOUT-APPLIED
PASS DEP-CONTROL-SCOUT-BENEFIT-HONOR
PASS DEP-CONTROL-SCOUT-SKILLS
PASS DEP-CONTROL-SCOUT-RANK1-TECHNIQUE
PASS DEP-CONTROL-SCOUT-RANK5-TECHNIQUES
PASS DEP-CONTROL-SCOUT-RANK5-REFERENCES
PASS DEP-CONTROL-YOTSU-PICKER
PASS DEP-CONTROL-YOTSU-APPLIED
PASS DEP-CONTROL-YOTSU-BENEFIT-HONOR
PASS DEP-CONTROL-YOTSU-SKILLS
PASS DEP-CONTROL-YOTSU-RANK1-TECHNIQUE
PASS DEP-CONTROL-YOTSU-RANK5-TECHNIQUES
PASS DEP-CONTROL-YOTSU-RANK5-REFERENCES
PASS DEP-CONTROL-SUP-REGISTRATION
PASS DEP-CONTROL-SUP-ELIGIBILITY
PASS DEP-CONTROL-SUP-ENROLLMENT
PASS DEP-CONTROL-SUP-RECORD
PASS DEP-CONTROL-SUP-TECHNIQUE
PASS DEP-CONTROL-NO-PAGE-ERRORS
PASS DEP-CORE-OFF-FLAGS
PASS DEP-CORE-OFF-SCOUT-PICKER
PASS DEP-CORE-OFF-SCOUT-APPLIED
PASS DEP-CORE-OFF-SCOUT-BENEFIT-HONOR
PASS DEP-CORE-OFF-SCOUT-SKILLS
PASS DEP-CORE-OFF-SCOUT-RANK1-TECHNIQUE
PASS DEP-CORE-OFF-SCOUT-RANK5-TECHNIQUES
PASS DEP-CORE-OFF-SCOUT-RANK5-REFERENCES
PASS DEP-CORE-OFF-YOTSU-PICKER
PASS DEP-CORE-OFF-YOTSU-APPLIED
PASS DEP-CORE-OFF-YOTSU-BENEFIT-HONOR
PASS DEP-CORE-OFF-YOTSU-SKILLS
PASS DEP-CORE-OFF-YOTSU-RANK1-TECHNIQUE
PASS DEP-CORE-OFF-YOTSU-RANK5-TECHNIQUES
PASS DEP-CORE-OFF-YOTSU-RANK5-REFERENCES
PASS DEP-CORE-OFF-SUP-REGISTRATION
PASS DEP-CORE-OFF-SUP-ELIGIBILITY
PASS DEP-CORE-OFF-SUP-ENROLLMENT
PASS DEP-CORE-OFF-SUP-RECORD
PASS DEP-CORE-OFF-SUP-TECHNIQUE
PASS DEP-CORE-OFF-NO-PAGE-ERRORS
PASS DEP-PATHS-OFF-FLAGS
PASS DEP-PATHS-OFF-SCOUT-PICKER
PASS DEP-PATHS-OFF-SCOUT-APPLIED
PASS DEP-PATHS-OFF-SCOUT-BENEFIT-HONOR
PASS DEP-PATHS-OFF-SCOUT-SKILLS
PASS DEP-PATHS-OFF-SCOUT-RANK1-TECHNIQUE
PASS DEP-PATHS-OFF-SCOUT-RANK5-TECHNIQUES
PASS DEP-PATHS-OFF-SCOUT-RANK5-REFERENCES
PASS DEP-PATHS-OFF-YOTSU-PICKER
PASS DEP-PATHS-OFF-YOTSU-APPLIED
PASS DEP-PATHS-OFF-YOTSU-BENEFIT-HONOR
PASS DEP-PATHS-OFF-YOTSU-SKILLS
PASS DEP-PATHS-OFF-YOTSU-RANK1-TECHNIQUE
PASS DEP-PATHS-OFF-YOTSU-RANK5-TECHNIQUES
PASS DEP-PATHS-OFF-YOTSU-RANK5-REFERENCES
PASS DEP-PATHS-OFF-SUP-REGISTRATION
PASS DEP-PATHS-OFF-SUP-ELIGIBILITY
PASS DEP-PATHS-OFF-SUP-ENROLLMENT
PASS DEP-PATHS-OFF-SUP-RECORD
PASS DEP-PATHS-OFF-SUP-TECHNIQUE
PASS DEP-PATHS-OFF-NO-PAGE-ERRORS
PASS DEP-SAVE-FORMAT-OFF-FLAGS
PASS DEP-SAVE-FORMAT-OFF-SCOUT-PICKER
PASS DEP-SAVE-FORMAT-OFF-SCOUT-APPLIED
PASS DEP-SAVE-FORMAT-OFF-SCOUT-BENEFIT-HONOR
PASS DEP-SAVE-FORMAT-OFF-SCOUT-SKILLS
PASS DEP-SAVE-FORMAT-OFF-SCOUT-RANK1-TECHNIQUE
PASS DEP-SAVE-FORMAT-OFF-SCOUT-RANK5-TECHNIQUES
PASS DEP-SAVE-FORMAT-OFF-SCOUT-RANK5-REFERENCES
PASS DEP-SAVE-FORMAT-OFF-YOTSU-PICKER
PASS DEP-SAVE-FORMAT-OFF-YOTSU-APPLIED
PASS DEP-SAVE-FORMAT-OFF-YOTSU-BENEFIT-HONOR
PASS DEP-SAVE-FORMAT-OFF-YOTSU-SKILLS
PASS DEP-SAVE-FORMAT-OFF-YOTSU-RANK1-TECHNIQUE
PASS DEP-SAVE-FORMAT-OFF-YOTSU-RANK5-TECHNIQUES
PASS DEP-SAVE-FORMAT-OFF-YOTSU-RANK5-REFERENCES
PASS DEP-SAVE-FORMAT-OFF-SUP-REGISTRATION
PASS DEP-SAVE-FORMAT-OFF-SUP-ELIGIBILITY
PASS DEP-SAVE-FORMAT-OFF-SUP-ENROLLMENT
PASS DEP-SAVE-FORMAT-OFF-SUP-RECORD
PASS DEP-SAVE-FORMAT-OFF-SUP-TECHNIQUE
PASS DEP-SAVE-FORMAT-OFF-NO-PAGE-ERRORS
PASS DEP-WIZARD-SKILLS-OFF-FLAGS
PASS DEP-WIZARD-SKILLS-OFF-SCOUT-PICKER
PASS DEP-WIZARD-SKILLS-OFF-SCOUT-APPLIED
PASS DEP-WIZARD-SKILLS-OFF-SCOUT-BENEFIT-HONOR
PASS DEP-WIZARD-SKILLS-OFF-SCOUT-SKILLS
PASS DEP-WIZARD-SKILLS-OFF-SCOUT-RANK1-TECHNIQUE
PASS DEP-WIZARD-SKILLS-OFF-SCOUT-RANK5-TECHNIQUES
PASS DEP-WIZARD-SKILLS-OFF-SCOUT-RANK5-REFERENCES
PASS DEP-WIZARD-SKILLS-OFF-YOTSU-PICKER
PASS DEP-WIZARD-SKILLS-OFF-YOTSU-APPLIED
PASS DEP-WIZARD-SKILLS-OFF-YOTSU-BENEFIT-HONOR
PASS DEP-WIZARD-SKILLS-OFF-YOTSU-SKILLS
PASS DEP-WIZARD-SKILLS-OFF-YOTSU-RANK1-TECHNIQUE
PASS DEP-WIZARD-SKILLS-OFF-YOTSU-RANK5-TECHNIQUES
PASS DEP-WIZARD-SKILLS-OFF-YOTSU-RANK5-REFERENCES
PASS DEP-WIZARD-SKILLS-OFF-SUP-REGISTRATION
PASS DEP-WIZARD-SKILLS-OFF-SUP-ELIGIBILITY
PASS DEP-WIZARD-SKILLS-OFF-SUP-ENROLLMENT
PASS DEP-WIZARD-SKILLS-OFF-SUP-RECORD
PASS DEP-WIZARD-SKILLS-OFF-SUP-TECHNIQUE
PASS DEP-WIZARD-SKILLS-OFF-NO-PAGE-ERRORS
PASS DEP-WIZARD-CHOICES-OFF-FLAGS
PASS DEP-WIZARD-CHOICES-OFF-SCOUT-PICKER
PASS DEP-WIZARD-CHOICES-OFF-SCOUT-APPLIED
PASS DEP-WIZARD-CHOICES-OFF-SCOUT-BENEFIT-HONOR
PASS DEP-WIZARD-CHOICES-OFF-SCOUT-SKILLS
PASS DEP-WIZARD-CHOICES-OFF-SCOUT-RANK1-TECHNIQUE
PASS DEP-WIZARD-CHOICES-OFF-SCOUT-RANK5-TECHNIQUES
PASS DEP-WIZARD-CHOICES-OFF-SCOUT-RANK5-REFERENCES
PASS DEP-WIZARD-CHOICES-OFF-YOTSU-PICKER
PASS DEP-WIZARD-CHOICES-OFF-YOTSU-APPLIED
PASS DEP-WIZARD-CHOICES-OFF-YOTSU-BENEFIT-HONOR
PASS DEP-WIZARD-CHOICES-OFF-YOTSU-SKILLS
PASS DEP-WIZARD-CHOICES-OFF-YOTSU-RANK1-TECHNIQUE
PASS DEP-WIZARD-CHOICES-OFF-YOTSU-RANK5-TECHNIQUES
PASS DEP-WIZARD-CHOICES-OFF-YOTSU-RANK5-REFERENCES
PASS DEP-WIZARD-CHOICES-OFF-SUP-REGISTRATION
PASS DEP-WIZARD-CHOICES-OFF-SUP-ELIGIBILITY
PASS DEP-WIZARD-CHOICES-OFF-SUP-ENROLLMENT
PASS DEP-WIZARD-CHOICES-OFF-SUP-RECORD
PASS DEP-WIZARD-CHOICES-OFF-SUP-TECHNIQUE
PASS DEP-WIZARD-CHOICES-OFF-NO-PAGE-ERRORS
PASS DEP-WIZARD-BOTH-OFF-FLAGS
PASS DEP-WIZARD-BOTH-OFF-SCOUT-PICKER
PASS DEP-WIZARD-BOTH-OFF-SCOUT-APPLIED
PASS DEP-WIZARD-BOTH-OFF-SCOUT-BENEFIT-HONOR
PASS DEP-WIZARD-BOTH-OFF-SCOUT-SKILLS
PASS DEP-WIZARD-BOTH-OFF-SCOUT-RANK1-TECHNIQUE
PASS DEP-WIZARD-BOTH-OFF-SCOUT-RANK5-TECHNIQUES
PASS DEP-WIZARD-BOTH-OFF-SCOUT-RANK5-REFERENCES
PASS DEP-WIZARD-BOTH-OFF-YOTSU-PICKER
PASS DEP-WIZARD-BOTH-OFF-YOTSU-APPLIED
PASS DEP-WIZARD-BOTH-OFF-YOTSU-BENEFIT-HONOR
PASS DEP-WIZARD-BOTH-OFF-YOTSU-SKILLS
PASS DEP-WIZARD-BOTH-OFF-YOTSU-RANK1-TECHNIQUE
PASS DEP-WIZARD-BOTH-OFF-YOTSU-RANK5-TECHNIQUES
PASS DEP-WIZARD-BOTH-OFF-YOTSU-RANK5-REFERENCES
PASS DEP-WIZARD-BOTH-OFF-SUP-REGISTRATION
PASS DEP-WIZARD-BOTH-OFF-SUP-ELIGIBILITY
PASS DEP-WIZARD-BOTH-OFF-SUP-ENROLLMENT
PASS DEP-WIZARD-BOTH-OFF-SUP-RECORD
PASS DEP-WIZARD-BOTH-OFF-SUP-TECHNIQUE
PASS DEP-WIZARD-BOTH-OFF-NO-PAGE-ERRORS
PASS DEP-ADVANCED-OFF-FLAGS
PASS DEP-ADVANCED-OFF-SCOUT-PICKER
PASS DEP-ADVANCED-OFF-SCOUT-APPLIED
PASS DEP-ADVANCED-OFF-SCOUT-BENEFIT-HONOR
PASS DEP-ADVANCED-OFF-SCOUT-SKILLS
PASS DEP-ADVANCED-OFF-SCOUT-RANK1-TECHNIQUE
PASS DEP-ADVANCED-OFF-SCOUT-RANK5-TECHNIQUES
PASS DEP-ADVANCED-OFF-SCOUT-RANK5-REFERENCES
PASS DEP-ADVANCED-OFF-YOTSU-PICKER
PASS DEP-ADVANCED-OFF-YOTSU-APPLIED
PASS DEP-ADVANCED-OFF-YOTSU-BENEFIT-HONOR
PASS DEP-ADVANCED-OFF-YOTSU-SKILLS
PASS DEP-ADVANCED-OFF-YOTSU-RANK1-TECHNIQUE
PASS DEP-ADVANCED-OFF-YOTSU-RANK5-TECHNIQUES
PASS DEP-ADVANCED-OFF-YOTSU-RANK5-REFERENCES
PASS DEP-ADVANCED-OFF-SUP-REGISTRATION
PASS DEP-ADVANCED-OFF-SUP-ELIGIBILITY
PASS DEP-ADVANCED-OFF-SUP-ENROLLMENT
PASS DEP-ADVANCED-OFF-SUP-RECORD
PASS DEP-ADVANCED-OFF-SUP-TECHNIQUE
PASS DEP-ADVANCED-OFF-NO-PAGE-ERRORS
PASS DEP-ALL-OPTIONAL-OFF-FLAGS
PASS DEP-ALL-OPTIONAL-OFF-SCOUT-PICKER
PASS DEP-ALL-OPTIONAL-OFF-SCOUT-APPLIED
PASS DEP-ALL-OPTIONAL-OFF-SCOUT-BENEFIT-HONOR
PASS DEP-ALL-OPTIONAL-OFF-SCOUT-SKILLS
PASS DEP-ALL-OPTIONAL-OFF-SCOUT-RANK1-TECHNIQUE
PASS DEP-ALL-OPTIONAL-OFF-SCOUT-RANK5-TECHNIQUES
PASS DEP-ALL-OPTIONAL-OFF-SCOUT-RANK5-REFERENCES
PASS DEP-ALL-OPTIONAL-OFF-YOTSU-PICKER
PASS DEP-ALL-OPTIONAL-OFF-YOTSU-APPLIED
PASS DEP-ALL-OPTIONAL-OFF-YOTSU-BENEFIT-HONOR
PASS DEP-ALL-OPTIONAL-OFF-YOTSU-SKILLS
PASS DEP-ALL-OPTIONAL-OFF-YOTSU-RANK1-TECHNIQUE
PASS DEP-ALL-OPTIONAL-OFF-YOTSU-RANK5-TECHNIQUES
PASS DEP-ALL-OPTIONAL-OFF-YOTSU-RANK5-REFERENCES
PASS DEP-ALL-OPTIONAL-OFF-SUP-REGISTRATION
PASS DEP-ALL-OPTIONAL-OFF-SUP-ELIGIBILITY
PASS DEP-ALL-OPTIONAL-OFF-SUP-ENROLLMENT
PASS DEP-ALL-OPTIONAL-OFF-SUP-RECORD
PASS DEP-ALL-OPTIONAL-OFF-SUP-TECHNIQUE
PASS DEP-ALL-OPTIONAL-OFF-NO-PAGE-ERRORS
189/189 checks passed
