PASS AS47-CAPABILITY-api
PASS AS47-CAPABILITY-library
PASS AS47-CAPABILITY-field
PASS AS47-CAPABILITY-record
PASS AS47-CAPABILITY-rank
PASS AS47-CAPABILITY-unmet
PASS AS47-CAPABILITY-enter
PASS AS47-CAPABILITY-refresh
PASS AS47-CORE-COUNT
PASS AS47-CORE-NAMES
PASS AS47-EXACT-Defender of the Wall-Earth
PASS AS47-BELOW-Defender of the Wall-Earth
PASS AS47-EXACT-Defender of the Wall-Strength
PASS AS47-BELOW-Defender of the Wall-Strength
PASS AS47-EXACT-Defender of the Wall-Defense
PASS AS47-BELOW-Defender of the Wall-Defense
PASS AS47-EXACT-Defender of the Wall-Heavy Weapons
PASS AS47-BELOW-Defender of the Wall-Heavy Weapons
PASS AS47-EXACT-Defender of the Wall-Lore: Shadowlands
PASS AS47-BELOW-Defender of the Wall-Lore: Shadowlands
PASS AS47-EXACT-Kenshinzen-Fire
PASS AS47-BELOW-Kenshinzen-Fire
PASS AS47-EXACT-Kenshinzen-Void
PASS AS47-BELOW-Kenshinzen-Void
PASS AS47-EXACT-Kenshinzen-Iaijutsu
PASS AS47-BELOW-Kenshinzen-Iaijutsu
PASS AS47-EXACT-Kenshinzen-Lore: Bushido
PASS AS47-BELOW-Kenshinzen-Lore: Bushido
PASS AS47-EXACT-Kenshinzen-Meditation
PASS AS47-BELOW-Kenshinzen-Meditation
PASS AS47-EXACT-Swordmasters-Fire
PASS AS47-BELOW-Swordmasters-Fire
PASS AS47-EXACT-Swordmasters-Void
PASS AS47-BELOW-Swordmasters-Void
PASS AS47-EXACT-Swordmasters-Iaijutsu
PASS AS47-BELOW-Swordmasters-Iaijutsu
PASS AS47-EXACT-Swordmasters-Kenjutsu
PASS AS47-BELOW-Swordmasters-Kenjutsu
PASS AS47-EXACT-Swordmasters-Lore: Theology
PASS AS47-BELOW-Swordmasters-Lore: Theology
PASS AS47-EXACT-The Lion's Pride-Agility
PASS AS47-BELOW-The Lion's Pride-Agility
PASS AS47-EXACT-The Lion's Pride-Strength
PASS AS47-BELOW-The Lion's Pride-Strength
PASS AS47-EXACT-The Lion's Pride-Battle
PASS AS47-BELOW-The Lion's Pride-Battle
PASS AS47-EXACT-The Lion's Pride-Honor
PASS AS47-BELOW-The Lion's Pride-Honor
PASS AS47-EXACT-Storm Riders-Air
PASS AS47-BELOW-Storm Riders-Air
PASS AS47-EXACT-Storm Riders-Fire
PASS AS47-BELOW-Storm Riders-Fire
PASS AS47-EXACT-Storm Riders-Water
PASS AS47-BELOW-Storm Riders-Water
PASS AS47-EXACT-Storm Riders-Lore: the Sea
PASS AS47-BELOW-Storm Riders-Lore: the Sea
PASS AS47-EXACT-Storm Riders-Sailing
PASS AS47-BELOW-Storm Riders-Sailing
PASS AS47-EXACT-Storm Riders-Spellcraft
PASS AS47-BELOW-Storm Riders-Spellcraft
PASS AS47-EXACT-Storm Riders-Lore: Theology
PASS AS47-BELOW-Storm Riders-Lore: Theology
PASS AS47-EXACT-Elemental Guard-Water
PASS AS47-BELOW-Elemental Guard-Water
PASS AS47-EXACT-Elemental Guard-Spellcraft
PASS AS47-BELOW-Elemental Guard-Spellcraft
PASS AS47-EXACT-Elemental Guard-Lore: Theology
PASS AS47-BELOW-Elemental Guard-Lore: Theology
PASS AS47-EXACT-Scorpion Instigator-Awareness
PASS AS47-BELOW-Scorpion Instigator-Awareness
PASS AS47-EXACT-Scorpion Instigator-Intelligence
PASS AS47-BELOW-Scorpion Instigator-Intelligence
PASS AS47-EXACT-Scorpion Instigator-Perception
PASS AS47-BELOW-Scorpion Instigator-Perception
PASS AS47-EXACT-Scorpion Instigator-Courtier
PASS AS47-BELOW-Scorpion Instigator-Courtier
PASS AS47-EXACT-Scorpion Instigator-Etiquette
PASS AS47-BELOW-Scorpion Instigator-Etiquette
PASS AS47-EXACT-Scorpion Instigator-Sincerity
PASS AS47-BELOW-Scorpion Instigator-Sincerity
PASS AS47-EXACT-Scorpion Instigator-Stealth
PASS AS47-BELOW-Scorpion Instigator-Stealth
PASS AS47-EXACT-Obsidian Warrior-Earth
PASS AS47-BELOW-Obsidian Warrior-Earth
PASS AS47-EXACT-Obsidian Warrior-Agility
PASS AS47-BELOW-Obsidian Warrior-Agility
PASS AS47-EXACT-Obsidian Warrior-Reflexes
PASS AS47-BELOW-Obsidian Warrior-Reflexes
PASS AS47-EXACT-Obsidian Warrior-Iaijutsu
PASS AS47-BELOW-Obsidian Warrior-Iaijutsu
PASS AS47-EXACT-Obsidian Warrior-Intimidation
PASS AS47-BELOW-Obsidian Warrior-Intimidation
PASS AS47-EXACT-Obsidian Warrior-Lore: Shourido
PASS AS47-BELOW-Obsidian Warrior-Lore: Shourido
PASS AS47-EXACT-The White Guard-Earth
PASS AS47-BELOW-The White Guard-Earth
PASS AS47-EXACT-The White Guard-Agility
PASS AS47-BELOW-The White Guard-Agility
PASS AS47-EXACT-The White Guard-Strength
PASS AS47-BELOW-The White Guard-Strength
PASS AS47-EXACT-The White Guard-Horsemanship
PASS AS47-BELOW-The White Guard-Horsemanship
PASS AS47-EXACT-The White Guard-Lore: Theology
PASS AS47-BELOW-The White Guard-Lore: Theology
PASS AS47-LION-FAMILY
PASS AS47-LION-DISTINCT-WEAPONS
PASS AS47-LION-LOW-WEAPON-COUNTS
PASS AS47-STORM-BLESSING-ELEMENT
PASS AS47-STORM-BLESSING-CORRECT-LIST
PASS AS47-ELEMENT-NON-VOID
PASS AS47-ELEMENT-CHOICE-REQUIRED
PASS AS47-ELEMENT-CASTING-ML4
PASS AS47-NARRATIVE-REQUIRED-Kenshinzen
PASS AS47-NARRATIVE-CONFIRMED-Kenshinzen
PASS AS47-NARRATIVE-REQUIRED-The Lion's Pride
PASS AS47-NARRATIVE-CONFIRMED-The Lion's Pride
PASS AS47-NARRATIVE-REQUIRED-Scorpion Instigator
PASS AS47-NARRATIVE-CONFIRMED-Scorpion Instigator
PASS AS47-NARRATIVE-REQUIRED-Obsidian Warrior
PASS AS47-NARRATIVE-CONFIRMED-Obsidian Warrior
PASS AS47-NARRATIVE-REQUIRED-The White Guard
PASS AS47-NARRATIVE-CONFIRMED-The White Guard
PASS AS47-ALL-SCHOOLS-ADVANCE-Defender of the Wall
PASS AS47-ALL-SCHOOLS-ADVANCE-Kenshinzen
PASS AS47-ALL-SCHOOLS-ADVANCE-Swordmasters
PASS AS47-ALL-SCHOOLS-ADVANCE-The Lion's Pride
PASS AS47-ALL-SCHOOLS-ADVANCE-Storm Riders
PASS AS47-ALL-SCHOOLS-ADVANCE-Elemental Guard
PASS AS47-ALL-SCHOOLS-ADVANCE-Scorpion Instigator
PASS AS47-ALL-SCHOOLS-ADVANCE-Obsidian Warrior
PASS AS47-ALL-SCHOOLS-ADVANCE-The White Guard
PASS AS47-DIRECT-MULTIPLE-SCHOOLS-GATE
PASS AS47-ELIGIBLE-WITHOUT-ADV-DISABLED
PASS AS47-DIRECT-PREREQUISITE-GATE
PASS AS47-UNKNOWN-SCHOOL-GATE
PASS AS47-DIRECT-PLAY-GATE
PASS AS47-NO-ELIGIBLE-HIDDEN
PASS AS47-UI-NARRATIVE-BUTTON-DISABLED
PASS AS47-UI-NARRATIVE-BUTTON-ENABLED
PASS AS47-UI-ENTRY
PASS AS47-CAPTURED-RECALC-EVENT
PASS AS47-ELEMENT-OPTIONS-INITIAL
PASS AS47-ELEMENT-OPTIONS-REFRESH
PASS AS47-EARLY-BASIC-ADD-BLOCKED
PASS AS47-APPLY-CANNOT-RESET-TRAINING
PASS AS47-TYPING-CANNOT-RENAME-TRAINING
PASS AS47-ENTRY-SAVED
PASS AS47-ENTRY-NO-FREE-RANK
PASS AS47-ENTRY-FREEZES-BASIC
PASS AS47-ENTRY-PRESERVES-BASIC-RANK
PASS AS47-ENTRY-KEEPS-TECHNIQUES
PASS AS47-NEXT-INSIGHT-RANKS
PASS AS47-THREE-TECHNIQUE-LEVELS
PASS AS47-BASIC-STAYS-FROZEN
PASS AS47-FREE-TECHNIQUES
PASS AS47-OWN-DESCRIPTIONS
PASS AS47-NO-DUPLICATE-GRANTS
PASS AS47-NO-SKILL-GRANTS
PASS AS47-EARNED-RANK-PRESERVED
PASS AS47-SECOND-SCHOOL-REFUSED
PASS AS47-FORMAT-STEP
PASS AS47-ROUNDTRIP
PASS AS47-CURRENT-MISSING-FIELD-NO-LEAK
PASS AS47-ORDINARY-LOAD-RESTORES-BASIC-PICKER
PASS AS47-LEGACY-NO-LEAK
PASS AS47-RESET-CLEARS
PASS AS47-PRIOR-PATH-RECORD-KEPT
PASS AS47-PRIOR-SCHOOL-TECHNIQUES-KEPT
PASS AS47-MULTIPLE-BASIC-RANKS-FROZEN
PASS AS47-ADVANCE-AFTER-MULTIPLE-BASICS
PASS AS47-RESUME-ONLY-AFTER-THREE
PASS AS47-RESUME-REQUIRES-GM
PASS AS47-RESUME-NO-FREE-BASIC-RANK
PASS AS47-RESUME-NEXT-INSIGHT
PASS AS47-RESUME-KEEPS-ADVANCED
PASS AS47-ONE-ADVANCED-EVER
PASS AS47-OTHER-BASIC-GM-REQUIRED
PASS AS47-OTHER-BASIC-STARTS-ZERO
PASS AS47-OTHER-BASIC-COMBINED-CAP
PASS AS47-BUSHI-CANNOT-ENTER-SHUGENJA
PASS AS47-SHUGENJA-CANNOT-ENTER-BUSHI
PASS AS47-ADVANCED-BUSHI-BLOCKS-LATER-SHUGENJA
PASS AS47-ADVANCED-CASTER-LOCK
PASS AS47-CASTER-ENTRY
PASS AS47-NO-AUTO-CASTER-SYNERGY
PASS AS47-GM-APPROVAL-REVOCABLE
PASS AS47-GM-REVOKED-RESUME-DISABLED
PASS AS47-SAVE-REFUSED-malformed-json
PASS AS47-SAVE-ATOMIC-malformed-json
PASS AS47-SAVE-REFUSED-allowBasic-string
PASS AS47-SAVE-ATOMIC-allowBasic-string
PASS AS47-SAVE-REFUSED-resumed-string
PASS AS47-SAVE-ATOMIC-resumed-string
PASS AS47-SAVE-REFUSED-newer-version
PASS AS47-SAVE-ATOMIC-newer-version
PASS AS47-NO-PAGE-ERRORS
196/196 checks passed
