OK variants release removed: 28/49
OK variants switch off: 31/57
OK variants no stylesheet: 100/101
OK variants Brash at TN 20: 98/101
OK variants Brash without the Honor Rank: 99/101
OK variants Brash ignores Failure of Bushido: 100/101
OK variants Rumormonger TN 10 x Glory: 100/101
OK variants Lame on every roll: 96/101
OK variants TN entries on initiative: 99/101
OK variants Disbeliever TN +10: 99/101
OK variants Lost Love TN +10: 98/101
OK variants Spending a Void Point leaves Lost Love on: 97/101
OK variants Switch saved on change only: 96/101
OK variants Row setting not put back: 95/101
OK variants Setting type left unknown: 100/101
OK variants Blind ranged at -1k1: 99/101
OK variants Blind moves the base but not the current Armor TN: 98/101
OK variants Blind Quick Access not repainted: 100/101
OK variants Void picker not greyed: 100/101
OK variants Void learning not gated: 99/101
OK variants Void spell report only a caution: 100/101
OK variants Ishiken-Do open to everyone: 100/101
OK variants Limb editable in Play: 100/101
OK boundaries Automatic entries with this release: 41/41
OK boundaries Automatic entries retained after removal: 41/41
OK boundaries Dependency boundaries: 91/91
VARIANTS all as expected
